Archive member included because of file (symbol)

E:/Freescale/CW MCU v10.5/MCU/ARM_GCC_Support/ewl/lib/armv6-m\librt.a(gcc_ctor_dtor.o)
                              ./Project_Settings/Startup_Code/__arm_start.o (__init_cpp)
E:/Freescale/CW MCU v10.5/MCU/ARM_GCC_Support/ewl/lib/armv6-m\librt.a(ROMCopy.o)
                              ./Project_Settings/Startup_Code/__arm_start.o (__copy_rom_sections_to_ram)
E:/Freescale/CW MCU v10.5/MCU/ARM_GCC_Support/ewl/lib/armv6-m\librt.a(__arm_eabi_init.o)
                              ./Project_Settings/Startup_Code/__arm_start.o (__init_registers)
E:/Freescale/CW MCU v10.5/MCU/ARM_GCC_Support/ewl/lib/armv6-m\libc.a(exit.o)
                              ./Project_Settings/Startup_Code/__arm_start.o (exit)
E:/Freescale/CW MCU v10.5/MCU/ARM_GCC_Support/ewl/lib/armv6-m\libc.a(memset.o)
                              ./Project_Settings/Startup_Code/__arm_start.o (memset)
E:/Freescale/CW MCU v10.5/MCU/ARM_GCC_Support/ewl/lib/armv6-m\libc.a(__filll_mem.o)
                              E:/Freescale/CW MCU v10.5/MCU/ARM_GCC_Support/ewl/lib/armv6-m\libc.a(memset.o) (__fill_mem)
E:/Freescale/CW MCU v10.5/MCU/ARM_GCC_Support/ewl/lib/armv6-m\libm.a(s_cos.o)
                              ./Compents/calculate/calculate.o (cos)
E:/Freescale/CW MCU v10.5/MCU/ARM_GCC_Support/ewl/lib/armv6-m\libm.a(s_sin.o)
                              ./Compents/calculate/calculate.o (sin)
E:/Freescale/CW MCU v10.5/MCU/ARM_GCC_Support/ewl/lib/armv6-m\libm.a(w_asin.o)
                              ./Compents/calculate/calculate.o (asin)
E:/Freescale/CW MCU v10.5/MCU/ARM_GCC_Support/ewl/lib/armv6-m\libm.a(w_atan2.o)
                              ./Compents/calculate/calculate.o (atan2)
E:/Freescale/CW MCU v10.5/MCU/ARM_GCC_Support/ewl/lib/armv6-m\libm.a(w_sqrtf.o)
                              ./Compents/calculate/calculate.o (sqrtf)
E:/Freescale/CW MCU v10.5/MCU/ARM_GCC_Support/ewl/lib/armv6-m\libm.a(e_asin.o)
                              E:/Freescale/CW MCU v10.5/MCU/ARM_GCC_Support/ewl/lib/armv6-m\libm.a(w_asin.o) (__ieee754_asin)
E:/Freescale/CW MCU v10.5/MCU/ARM_GCC_Support/ewl/lib/armv6-m\libm.a(e_atan2.o)
                              E:/Freescale/CW MCU v10.5/MCU/ARM_GCC_Support/ewl/lib/armv6-m\libm.a(w_atan2.o) (__ieee754_atan2)
E:/Freescale/CW MCU v10.5/MCU/ARM_GCC_Support/ewl/lib/armv6-m\libm.a(e_rem_pio2.o)
                              E:/Freescale/CW MCU v10.5/MCU/ARM_GCC_Support/ewl/lib/armv6-m\libm.a(s_cos.o) (__ieee754_rem_pio2)
E:/Freescale/CW MCU v10.5/MCU/ARM_GCC_Support/ewl/lib/armv6-m\libm.a(e_sqrtf.o)
                              E:/Freescale/CW MCU v10.5/MCU/ARM_GCC_Support/ewl/lib/armv6-m\libm.a(w_sqrtf.o) (__ieee754_sqrtf)
E:/Freescale/CW MCU v10.5/MCU/ARM_GCC_Support/ewl/lib/armv6-m\libm.a(float.o)
                              E:/Freescale/CW MCU v10.5/MCU/ARM_GCC_Support/ewl/lib/armv6-m\libm.a(e_asin.o) (__double_nan)
E:/Freescale/CW MCU v10.5/MCU/ARM_GCC_Support/ewl/lib/armv6-m\libm.a(k_cos.o)
                              E:/Freescale/CW MCU v10.5/MCU/ARM_GCC_Support/ewl/lib/armv6-m\libm.a(s_cos.o) (__kernel_cos)
E:/Freescale/CW MCU v10.5/MCU/ARM_GCC_Support/ewl/lib/armv6-m\libm.a(k_rem_pio2.o)
                              E:/Freescale/CW MCU v10.5/MCU/ARM_GCC_Support/ewl/lib/armv6-m\libm.a(e_rem_pio2.o) (__kernel_rem_pio2)
E:/Freescale/CW MCU v10.5/MCU/ARM_GCC_Support/ewl/lib/armv6-m\libm.a(k_sin.o)
                              E:/Freescale/CW MCU v10.5/MCU/ARM_GCC_Support/ewl/lib/armv6-m\libm.a(s_cos.o) (__kernel_sin)
E:/Freescale/CW MCU v10.5/MCU/ARM_GCC_Support/ewl/lib/armv6-m\libm.a(s_atan.o)
                              E:/Freescale/CW MCU v10.5/MCU/ARM_GCC_Support/ewl/lib/armv6-m\libm.a(e_atan2.o) (atan)
E:/Freescale/CW MCU v10.5/MCU/ARM_GCC_Support/ewl/lib/armv6-m\libm.a(s_floor.o)
                              E:/Freescale/CW MCU v10.5/MCU/ARM_GCC_Support/ewl/lib/armv6-m\libm.a(k_rem_pio2.o) (floor)
E:/Freescale/CW MCU v10.5/MCU/ARM_GCC_Support/ewl/lib/armv6-m\libm.a(scalbn.o)
                              E:/Freescale/CW MCU v10.5/MCU/ARM_GCC_Support/ewl/lib/armv6-m\libm.a(k_rem_pio2.o) (scalbn)
E:/Freescale/CW MCU v10.5/MCU/ARM_GCC_Support/ewl/lib/armv6-m\libm.a(w_sqrt.o)
                              E:/Freescale/CW MCU v10.5/MCU/ARM_GCC_Support/ewl/lib/armv6-m\libm.a(e_asin.o) (sqrt)
E:/Freescale/CW MCU v10.5/MCU/ARM_GCC_Support/ewl/lib/armv6-m\libm.a(e_sqrt.o)
                              E:/Freescale/CW MCU v10.5/MCU/ARM_GCC_Support/ewl/lib/armv6-m\libm.a(w_sqrt.o) (__ieee754_sqrt)
E:/Freescale/CW MCU v10.5/MCU/ARM_GCC_Support/ewl/lib/armv6-m\libm.a(s_frexp.o)
                              E:/Freescale/CW MCU v10.5/MCU/ARM_GCC_Support/ewl/lib/armv6-m\libm.a(scalbn.o) (frexp)
E:/Freescale/CW MCU v10.5/MCU/ARM_GCC_Support/ewl/lib/armv6-m\libm.a(s_ldexp.o)
                              E:/Freescale/CW MCU v10.5/MCU/ARM_GCC_Support/ewl/lib/armv6-m\libm.a(scalbn.o) (ldexp)
[...]
Memory Configuration

Name             Origin             Length             Attributes
m_interrupts     0x00000000         0x000000c0         xr
m_text           0x00000410         0x0001fbf0         xr
m_data           0x1ffff000         0x00004000         rw
m_cfmprotrom     0x00000400         0x00000010         xr
*default*        0x00000000         0xffffffff

Linker script and memory map

LOAD ./Compents/calculate/calculate.o
LOAD ./Compents/delay/delay.o
LOAD ./Compents/function/function.o
LOAD ./Compents/hal_iic/hal_iic.o
LOAD ./Compents/hmc5883/myiic_m.o
LOAD ./Compents/hmc5883/hmc5883.o
LOAD ./Compents/mpu6050/myiic_g.o
LOAD ./Compents/mpu6050/mpu6050.o
LOAD ./Generated_Code/Vectors.o
LOAD ./Generated_Code/TimerIntLdd1.o
LOAD ./Generated_Code/TU2.o
LOAD ./Generated_Code/TU1.o
LOAD ./Generated_Code/TI1.o
LOAD ./Generated_Code/SysTick.o
LOAD ./Generated_Code/SS_SPI0.o
LOAD ./Generated_Code/RealTimeLdd1.o
LOAD ./Generated_Code/PE_LDD.o
LOAD ./Generated_Code/MPU6050_DRDY.o
LOAD ./Generated_Code/Led.o
LOAD ./Generated_Code/FC321.o
LOAD ./Generated_Code/Cpu.o
LOAD ./Project_Settings/Startup_Code/__arm_start.o
LOAD ./Project_Settings/Startup_Code/__arm_end.o
LOAD ./Sources/sa_mtb.o
LOAD ./Sources/ProcessorExpert.o
LOAD ./Sources/Process.o
LOAD ./Sources/Init.o
LOAD ./Sources/Events.o
LOAD E:/Freescale/CW MCU v10.5/MCU/ARM_GCC_Support/ewl/lib/armv6-m\librt.a
START GROUP
LOAD E:/Freescale/CW MCU v10.5/MCU/ARM_GCC_Support/ewl/lib/armv6-m\libc.a
LOAD E:/Freescale/CW MCU v10.5/MCU/ARM_GCC_Support/ewl/lib/armv6-m\libm.a
LOAD e:/freescale/cw mcu v10.5/cross_tools/arm-none-eabi-gcc-4_7_3/bin/../lib/gcc/arm-none-eabi/4.7.3/armv6-m\libgcc.a
LOAD E:/Freescale/CW MCU v10.5/MCU/ARM_GCC_Support/ewl/lib/armv6-m\librt.a
END GROUP
                0x20003000                _estack = 0x20003000
                0x20003000                __SP_INIT = _estack
                0x00000000                __heap_size = 0x0
                0x00000400                __stack_size = 0x400

.interrupts     0x00000000       0xc0
                0x00000000                __vector_table = .
                0x00000000                . = ALIGN (0x4)
 *(.vectortable)
 .vectortable   0x00000000       0xc0 ./Generated_Code/Vectors.o
                0x00000000                __vect_table
                0x000000c0                . = ALIGN (0x4)

.cfmprotect     0x00000400       0x10
                0x00000400                . = ALIGN (0x4)
 *(.cfmconfig)
 .cfmconfig     0x00000400       0x10 ./Generated_Code/Cpu.o
                0x00000400                _cfm
                0x00000410                . = ALIGN (0x4)

.text           0x00000410     0x8348
                0x00000410                . = ALIGN (0x4)
 *(.text)
 .text          0x00000410       0x14 e:/freescale/cw mcu v10.5/cross_tools/arm-none-eabi-gcc-4_7_3/bin/../lib/gcc/arm-none-eabi/4.7.3/armv6-m\libgcc.a(_thumb1_case_uqi.o)
                0x00000410                __gnu_thumb1_case_uqi
 .text          0x00000424       0x9c e:/freescale/cw mcu v10.5/cross_tools/arm-none-eabi-gcc-4_7_3/bin/../lib/gcc/arm-none-eabi/4.7.3/armv6-m\libgcc.a(_udivsi3.o)
                0x00000424                __aeabi_uidiv
                0x00000424                __udivsi3
                0x000004ac                __aeabi_uidivmod
 .text          0x000004c0       0xc0 e:/freescale/cw mcu v10.5/cross_tools/arm-none-eabi-gcc-4_7_3/bin/../lib/gcc/arm-none-eabi/4.7.3/armv6-m\libgcc.a(_divsi3.o)
                0x000004c0                __divsi3
                0x000004c0                __aeabi_idiv
                0x0000056c                __aeabi_idivmod
 .text          0x00000580        0x4 e:/freescale/cw mcu v10.5/cross_tools/arm-none-eabi-gcc-4_7_3/bin/../lib/gcc/arm-none-eabi/4.7.3/armv6-m\libgcc.a(_dvmd_tls.o)
                0x00000580                __aeabi_idiv0
                0x00000580                __aeabi_ldiv0
 .text          0x00000584       0x7c e:/freescale/cw mcu v10.5/cross_tools/arm-none-eabi-gcc-4_7_3/bin/../lib/gcc/arm-none-eabi/4.7.3/armv6-m\libgcc.a(_arm_cmpdf2.o)
                0x00000584                __aeabi_cdrcmple
                0x00000594                __aeabi_cdcmple
                0x00000594                __aeabi_cdcmpeq
                0x000005a4                __aeabi_dcmpeq
                0x000005b0                __aeabi_dcmplt
                0x000005c4                __aeabi_dcmple
                0x000005d8                __aeabi_dcmpgt
                0x000005ec                __aeabi_dcmpge
 .text          0x00000600      0x3a4 e:/freescale/cw mcu v10.5/cross_tools/arm-none-eabi-gcc-4_7_3/bin/../lib/gcc/arm-none-eabi/4.7.3/armv6-m\libgcc.a(addsf3.o)
                0x00000600                __aeabi_fadd
 .text          0x000009a4      0x274 e:/freescale/cw mcu v10.5/cross_tools/arm-none-eabi-gcc-4_7_3/bin/../lib/gcc/arm-none-eabi/4.7.3/armv6-m\libgcc.a(divsf3.o)
                0x000009a4                __aeabi_fdiv
 .text          0x00000c18      0x260 e:/freescale/cw mcu v10.5/cross_tools/arm-none-eabi-gcc-4_7_3/bin/../lib/gcc/arm-none-eabi/4.7.3/armv6-m\libgcc.a(mulsf3.o)
                0x00000c18                __aeabi_fmul
 .text          0x00000e78      0x3ac e:/freescale/cw mcu v10.5/cross_tools/arm-none-eabi-gcc-4_7_3/bin/../lib/gcc/arm-none-eabi/4.7.3/armv6-m\libgcc.a(subsf3.o)
                0x00000e78                __aeabi_fsub
 .text          0x00001224       0xa8 e:/freescale/cw mcu v10.5/cross_tools/arm-none-eabi-gcc-4_7_3/bin/../lib/gcc/arm-none-eabi/4.7.3/armv6-m\libgcc.a(floatsisf.o)
                0x00001224                __aeabi_i2f
 .text          0x000012cc      0x758 e:/freescale/cw mcu v10.5/cross_tools/arm-none-eabi-gcc-4_7_3/bin/../lib/gcc/arm-none-eabi/4.7.3/armv6-m\libgcc.a(adddf3.o)
                0x000012cc                __aeabi_dadd
 .text          0x00001a24      0x5b8 e:/freescale/cw mcu v10.5/cross_tools/arm-none-eabi-gcc-4_7_3/bin/../lib/gcc/arm-none-eabi/4.7.3/armv6-m\libgcc.a(divdf3.o)
                0x00001a24                __aeabi_ddiv
 .text          0x00001fdc       0x7c e:/freescale/cw mcu v10.5/cross_tools/arm-none-eabi-gcc-4_7_3/bin/../lib/gcc/arm-none-eabi/4.7.3/armv6-m\libgcc.a(eqdf2.o)
                0x00001fdc                __nedf2
                0x00001fdc                __eqdf2
 .text          0x00002058       0xe8 e:/freescale/cw mcu v10.5/cross_tools/arm-none-eabi-gcc-4_7_3/bin/../lib/gcc/arm-none-eabi/4.7.3/armv6-m\libgcc.a(gedf2.o)
                0x00002058                __gedf2
                0x00002058                __gtdf2
 .text          0x00002140       0xd8 e:/freescale/cw mcu v10.5/cross_tools/arm-none-eabi-gcc-4_7_3/bin/../lib/gcc/arm-none-eabi/4.7.3/armv6-m\libgcc.a(ledf2.o)
                0x00002140                __ledf2
                0x00002140                __ltdf2
 .text          0x00002218      0x4e4 e:/freescale/cw mcu v10.5/cross_tools/arm-none-eabi-gcc-4_7_3/bin/../lib/gcc/arm-none-eabi/4.7.3/armv6-m\libgcc.a(muldf3.o)
                0x00002218                __aeabi_dmul
 .text          0x000026fc      0x6f8 e:/freescale/cw mcu v10.5/cross_tools/arm-none-eabi-gcc-4_7_3/bin/../lib/gcc/arm-none-eabi/4.7.3/armv6-m\libgcc.a(subdf3.o)
                0x000026fc                __aeabi_dsub
 .text          0x00002df4       0x68 e:/freescale/cw mcu v10.5/cross_tools/arm-none-eabi-gcc-4_7_3/bin/../lib/gcc/arm-none-eabi/4.7.3/armv6-m\libgcc.a(fixdfsi.o)
                0x00002df4                __aeabi_d2iz
 .text          0x00002e5c       0x74 e:/freescale/cw mcu v10.5/cross_tools/arm-none-eabi-gcc-4_7_3/bin/../lib/gcc/arm-none-eabi/4.7.3/armv6-m\libgcc.a(floatsidf.o)
                0x00002e5c                __aeabi_i2d
 .text          0x00002ed0       0xa8 e:/freescale/cw mcu v10.5/cross_tools/arm-none-eabi-gcc-4_7_3/bin/../lib/gcc/arm-none-eabi/4.7.3/armv6-m\libgcc.a(extendsfdf2.o)
                0x00002ed0                __aeabi_f2d
 .text          0x00002f78      0x134 e:/freescale/cw mcu v10.5/cross_tools/arm-none-eabi-gcc-4_7_3/bin/../lib/gcc/arm-none-eabi/4.7.3/armv6-m\libgcc.a(truncdfsf2.o)
                0x00002f78                __aeabi_d2f
 .text          0x000030ac       0x3c e:/freescale/cw mcu v10.5/cross_tools/arm-none-eabi-gcc-4_7_3/bin/../lib/gcc/arm-none-eabi/4.7.3/armv6-m\libgcc.a(_clzsi2.o)
                0x000030ac                __clzsi2
 *(.text*)
 .text.invSqrt  0x000030e8       0x78 ./Compents/calculate/calculate.o
                0x000030e8                invSqrt
 .text.Calibration_mag
                0x00003160      0x2dc ./Compents/calculate/calculate.o
                0x00003160                Calibration_mag
 *fill*         0x0000343c        0x4 00
 .text.init_quaternion
                0x00003440      0x9e0 ./Compents/calculate/calculate.o
                0x00003440                init_quaternion
 .text.IMUupdate
                0x00003e20      0x9d0 ./Compents/calculate/calculate.o
                0x00003e20                IMUupdate
 .text.TimingDelay_Decrement
                0x000047f0       0x20 ./Compents/delay/delay.o
                0x000047f0                TimingDelay_Decrement
 .text.i2c_set_tx_mode
                0x00004810       0x20 ./Compents/hal_iic/hal_iic.o
                0x00004810                i2c_set_tx_mode
 .text.i2c_set_rx_mode
                0x00004830       0x20 ./Compents/hal_iic/hal_iic.o
                0x00004830                i2c_set_rx_mode
 .text.i2c_set_slave_mode
                0x00004850       0x20 ./Compents/hal_iic/hal_iic.o
                0x00004850                i2c_set_slave_mode
 .text.i2c_set_master_mode
                0x00004870       0x20 ./Compents/hal_iic/hal_iic.o
                0x00004870                i2c_set_master_mode
 .text.i2c_give_nack
                0x00004890       0x20 ./Compents/hal_iic/hal_iic.o
                0x00004890                i2c_give_nack
 .text.i2c_repeated_start
                0x000048b0       0x20 ./Compents/hal_iic/hal_iic.o
                0x000048b0                i2c_repeated_start
 .text.i2c_write_byte
                0x000048d0       0x1c ./Compents/hal_iic/hal_iic.o
                0x000048d0                i2c_write_byte
 .text.i2c_read_byte
                0x000048ec       0x18 ./Compents/hal_iic/hal_iic.o
                0x000048ec                i2c_read_byte
 .text.i2c_start
                0x00004904       0x20 ./Compents/hal_iic/hal_iic.o
                0x00004904                i2c_start
 .text.i2c_stop
                0x00004924       0x20 ./Compents/hal_iic/hal_iic.o
                0x00004924                i2c_stop
 .text.i2c_wait
                0x00004944       0x30 ./Compents/hal_iic/hal_iic.o
                0x00004944                i2c_wait
 .text.i2c_get_ack
                0x00004974       0x24 ./Compents/hal_iic/hal_iic.o
                0x00004974                i2c_get_ack
 .text.IIC_Init_M
                0x00004998       0x74 ./Compents/hmc5883/myiic_m.o
                0x00004998                IIC_Init_M
 .text.pause    0x00004a0c       0x28 ./Compents/hmc5883/hmc5883.o
 .text.hal_dev_hmc5883_read_reg
                0x00004a34       0xc4 ./Compents/hmc5883/hmc5883.o
                0x00004a34                hal_dev_hmc5883_read_reg
 .text.hal_dev_hmc5883_write_reg
                0x00004af8       0x88 ./Compents/hmc5883/hmc5883.o
                0x00004af8                hal_dev_hmc5883_write_reg
 .text.HMC5883_Init
                0x00004b80       0x6c ./Compents/hmc5883/hmc5883.o
                0x00004b80                HMC5883_Init
 .text.get_mag  0x00004bec       0xc0 ./Compents/hmc5883/hmc5883.o
                0x00004bec                get_mag
 .text.IIC_Init_G
                0x00004cac       0x74 ./Compents/mpu6050/myiic_g.o
                0x00004cac                IIC_Init_G
 .text.pause    0x00004d20       0x28 ./Compents/mpu6050/mpu6050.o
 .text.hal_dev_mpu6050_read_reg
                0x00004d48       0xc4 ./Compents/mpu6050/mpu6050.o
                0x00004d48                hal_dev_mpu6050_read_reg
 .text.hal_dev_mpu6050_write_reg
                0x00004e0c       0x88 ./Compents/mpu6050/mpu6050.o
                0x00004e0c                hal_dev_mpu6050_write_reg
 .text.MPU6050_Init
                0x00004e94       0x98 ./Compents/mpu6050/mpu6050.o
                0x00004e94                MPU6050_Init
 .text.get_gyro
                0x00004f2c       0xc0 ./Compents/mpu6050/mpu6050.o
                0x00004f2c                get_gyro
 .text.get_acc  0x00004fec       0xc0 ./Compents/mpu6050/mpu6050.o
                0x00004fec                get_acc
 .text.TimerIntLdd1_Init
                0x000050ac       0x50 ./Generated_Code/TimerIntLdd1.o
                0x000050ac                TimerIntLdd1_Init
 .text.TU1_OnCounterRestart
                0x000050fc       0x24 ./Generated_Code/TimerIntLdd1.o
                0x000050fc                TU1_OnCounterRestart
 .text.TU2_Interrupt
                0x00005120       0x5c ./Generated_Code/TU2.o
                0x00005120                TU2_Interrupt
 .text.TU1_Init
                0x0000517c       0xf4 ./Generated_Code/TU1.o
                0x0000517c                TU1_Init
 .text.TU1_Interrupt
                0x00005270       0x5c ./Generated_Code/TU1.o
                0x00005270                TU1_Interrupt
 .text.TimerIntLdd1_OnInterrupt
                0x000052cc       0x14 ./Generated_Code/TI1.o
                0x000052cc                TimerIntLdd1_OnInterrupt
 .text.SS_SPI0_Init
                0x000052e0      0x124 ./Generated_Code/SS_SPI0.o
                0x000052e0                SS_SPI0_Init
 .text.SS_SPI0_ReceiveBlock
                0x00005404       0xa4 ./Generated_Code/SS_SPI0.o
                0x00005404                SS_SPI0_ReceiveBlock
 .text.SS_SPI0_SendBlock
                0x000054a8       0x90 ./Generated_Code/SS_SPI0.o
                0x000054a8                SS_SPI0_SendBlock
 .text.SS_SPI0_Interrupt
                0x00005538       0xe0 ./Generated_Code/SS_SPI0.o
                0x00005538                SS_SPI0_Interrupt
 .text.TU2_OnCounterRestart
                0x00005618       0x30 ./Generated_Code/RealTimeLdd1.o
                0x00005618                TU2_OnCounterRestart
 .text.MPU6050_DRDY_Init
                0x00005648       0x88 ./Generated_Code/MPU6050_DRDY.o
                0x00005648                MPU6050_DRDY_Init
 .text.MPU6050_DRDY_Interrupt
                0x000056d0       0x34 ./Generated_Code/MPU6050_DRDY.o
                0x000056d0                MPU6050_DRDY_Interrupt
 .text.Led_Init
                0x00005704       0x60 ./Generated_Code/Led.o
                0x00005704                Led_Init
 .text.Led_ClrVal
                0x00005764       0x18 ./Generated_Code/Led.o
                0x00005764                Led_ClrVal
 .text.Led_SetVal
                0x0000577c       0x18 ./Generated_Code/Led.o
                0x0000577c                Led_SetVal
 .text.Cpu_INT_NMIInterrupt
                0x00005794        0xc ./Generated_Code/Cpu.o
                0x00005794                Cpu_INT_NMIInterrupt
 .text.Cpu_Interrupt
                0x000057a0        0xc ./Generated_Code/Cpu.o
                0x000057a0                Cpu_Interrupt
 .text.__init_hardware
                0x000057ac      0x174 ./Generated_Code/Cpu.o
                0x000057ac                __init_hardware
 .text.PE_low_level_init
                0x00005920       0xe4 ./Generated_Code/Cpu.o
                0x00005920                PE_low_level_init
 .text.zero_fill_bss
                0x00005a04       0x24 ./Project_Settings/Startup_Code/__arm_start.o
 .text.__thumb_startup
                0x00005a28       0x30 ./Project_Settings/Startup_Code/__arm_start.o
                0x00005a28                __thumb_startup
 .text._ExitProcess
                0x00005a58        0xc ./Project_Settings/Startup_Code/__arm_end.o
                0x00005a58                _ExitProcess
 .text.main     0x00005a64       0xdc ./Sources/ProcessorExpert.o
                0x00005a64                main
 .text.TransmitMCUData
                0x00005b40       0x50 ./Sources/Process.o
                0x00005b40                TransmitMCUData
 .text.SwapARMDataBuffer
                0x00005b90      0x218 ./Sources/Process.o
                0x00005b90                SwapARMDataBuffer
 .text.Read_Pro_Data
                0x00005da8      0x2d0 ./Sources/Process.o
                0x00005da8                Read_Pro_Data
 .text.UserInit
                0x00006078       0x18 ./Sources/Init.o
                0x00006078                UserInit
 .text.UserDataInit
                0x00006090       0x1c ./Sources/Init.o
                0x00006090                UserDataInit
 .text.SENSORDataInit
                0x000060ac       0x5c ./Sources/Init.o
                0x000060ac                SENSORDataInit
 .text.MCUDataInit
                0x00006108       0x70 ./Sources/Init.o
                0x00006108                MCUDataInit
 .text.ARMDataInit
                0x00006178       0xf0 ./Sources/Init.o
                0x00006178                ARMDataInit
 .text.OnChipInit
                0x00006268       0x18 ./Sources/Init.o
                0x00006268                OnChipInit
 .text.PeripheralInit
                0x00006280       0x10 ./Sources/Init.o
                0x00006280                PeripheralInit
 .text.GPIOInit
                0x00006290       0x14 ./Sources/Init.o
                0x00006290                GPIOInit
 .text.SPIInit  0x000062a4       0x18 ./Sources/Init.o
                0x000062a4                SPIInit
 .text.Cpu_OnNMIINT
                0x000062bc        0x8 ./Sources/Events.o
                0x000062bc                Cpu_OnNMIINT
 .text.MPU6050_DRDY_OnInterrupt
                0x000062c4       0x1c ./Sources/Events.o
                0x000062c4                MPU6050_DRDY_OnInterrupt
 .text.SS_SPI0_OnBlockSent
                0x000062e0       0x10 ./Sources/Events.o
                0x000062e0                SS_SPI0_OnBlockSent
 .text.SS_SPI0_OnBlockReceived
                0x000062f0       0x2c ./Sources/Events.o
                0x000062f0                SS_SPI0_OnBlockReceived
 .text.TI1_OnInterrupt
                0x0000631c       0x30 ./Sources/Events.o
                0x0000631c                TI1_OnInterrupt
 .text.Systick_IRQ
                0x0000634c       0x38 ./Sources/Events.o
                0x0000634c                Systick_IRQ
 .text.__init_cpp
                0x00006384       0x48 E:/Freescale/CW MCU v10.5/MCU/ARM_GCC_Support/ewl/lib/armv6-m\librt.a(gcc_ctor_dtor.o)
                0x00006384                __init_cpp
 .text.__fini_cpp
                0x000063cc       0x34 E:/Freescale/CW MCU v10.5/MCU/ARM_GCC_Support/ewl/lib/armv6-m\librt.a(gcc_ctor_dtor.o)
                0x000063cc                __fini_cpp
 .text.__copy_rom_section
                0x00006400       0x48 E:/Freescale/CW MCU v10.5/MCU/ARM_GCC_Support/ewl/lib/armv6-m\librt.a(ROMCopy.o)
                0x00006400                __copy_rom_section
 .text.__copy_rom_sections_to_ram
                0x00006448       0x34 E:/Freescale/CW MCU v10.5/MCU/ARM_GCC_Support/ewl/lib/armv6-m\librt.a(ROMCopy.o)
                0x00006448                __copy_rom_sections_to_ram
 .text.__destroy_global_chain
                0x0000647c       0x1c E:/Freescale/CW MCU v10.5/MCU/ARM_GCC_Support/ewl/lib/armv6-m\librt.a(__arm_eabi_init.o)
                0x0000647c                __destroy_global_chain
 .text.__init_registers
                0x00006498       0x1c E:/Freescale/CW MCU v10.5/MCU/ARM_GCC_Support/ewl/lib/armv6-m\librt.a(__arm_eabi_init.o)
                0x00006498                __init_registers
 .text.__init_user
                0x000064b4        0x4 E:/Freescale/CW MCU v10.5/MCU/ARM_GCC_Support/ewl/lib/armv6-m\librt.a(__arm_eabi_init.o)
                0x000064b4                __init_user
 .text.exit     0x000064b8       0x38 E:/Freescale/CW MCU v10.5/MCU/ARM_GCC_Support/ewl/lib/armv6-m\libc.a(exit.o)
                0x000064b8                exit
 .text.memset   0x000064f0        0xc E:/Freescale/CW MCU v10.5/MCU/ARM_GCC_Support/ewl/lib/armv6-m\libc.a(memset.o)
                0x000064f0                memset
 .text.__fill_mem
                0x000064fc       0x7e E:/Freescale/CW MCU v10.5/MCU/ARM_GCC_Support/ewl/lib/armv6-m\libc.a(__filll_mem.o)
                0x000064fc                __fill_mem
 *fill*         0x0000657a        0x6 00
 .text.cos      0x00006580       0xa8 E:/Freescale/CW MCU v10.5/MCU/ARM_GCC_Support/ewl/lib/armv6-m\libm.a(s_cos.o)
                0x00006580                cos
 .text.sin      0x00006628       0xa8 E:/Freescale/CW MCU v10.5/MCU/ARM_GCC_Support/ewl/lib/armv6-m\libm.a(s_sin.o)
                0x00006628                sin
 .text.asin     0x000066d0        0x8 E:/Freescale/CW MCU v10.5/MCU/ARM_GCC_Support/ewl/lib/armv6-m\libm.a(w_asin.o)
                0x000066d0                asin
 .text.atan2    0x000066d8        0x8 E:/Freescale/CW MCU v10.5/MCU/ARM_GCC_Support/ewl/lib/armv6-m\libm.a(w_atan2.o)
                0x000066d8                atan2
 .text.sqrtf    0x000066e0        0x8 E:/Freescale/CW MCU v10.5/MCU/ARM_GCC_Support/ewl/lib/armv6-m\libm.a(w_sqrtf.o)
                0x000066e0                sqrtf
 .text.__ieee754_asin
                0x000066e8      0x420 E:/Freescale/CW MCU v10.5/MCU/ARM_GCC_Support/ewl/lib/armv6-m\libm.a(e_asin.o)
                0x000066e8                __ieee754_asin
 .text.__ieee754_atan2
                0x00006b08      0x1c8 E:/Freescale/CW MCU v10.5/MCU/ARM_GCC_Support/ewl/lib/armv6-m\libm.a(e_atan2.o)
                0x00006b08                __ieee754_atan2
 .text.__ieee754_rem_pio2
                0x00006cd0      0x408 E:/Freescale/CW MCU v10.5/MCU/ARM_GCC_Support/ewl/lib/armv6-m\libm.a(e_rem_pio2.o)
                0x00006cd0                __ieee754_rem_pio2
 .text.__ieee754_sqrtf
                0x000070d8       0xb8 E:/Freescale/CW MCU v10.5/MCU/ARM_GCC_Support/ewl/lib/armv6-m\libm.a(e_sqrtf.o)
                0x000070d8                __ieee754_sqrtf
 .text.__kernel_cos
                0x00007190      0x1e0 E:/Freescale/CW MCU v10.5/MCU/ARM_GCC_Support/ewl/lib/armv6-m\libm.a(k_cos.o)
                0x00007190                __kernel_cos
 .text.__kernel_rem_pio2
                0x00007370      0x730 E:/Freescale/CW MCU v10.5/MCU/ARM_GCC_Support/ewl/lib/armv6-m\libm.a(k_rem_pio2.o)
                0x00007370                __kernel_rem_pio2
 .text.__kernel_sin
                0x00007aa0      0x178 E:/Freescale/CW MCU v10.5/MCU/ARM_GCC_Support/ewl/lib/armv6-m\libm.a(k_sin.o)
                0x00007aa0                __kernel_sin
 .text.atan     0x00007c18      0x358 E:/Freescale/CW MCU v10.5/MCU/ARM_GCC_Support/ewl/lib/armv6-m\libm.a(s_atan.o)
                0x00007c18                atan
 .text.floor    0x00007f70      0x118 E:/Freescale/CW MCU v10.5/MCU/ARM_GCC_Support/ewl/lib/armv6-m\libm.a(s_floor.o)
                0x00007f70                floor
 .text.scalbn   0x00008088       0x14 E:/Freescale/CW MCU v10.5/MCU/ARM_GCC_Support/ewl/lib/armv6-m\libm.a(scalbn.o)
                0x00008088                scalbn
 .text.sqrt     0x0000809c        0x8 E:/Freescale/CW MCU v10.5/MCU/ARM_GCC_Support/ewl/lib/armv6-m\libm.a(w_sqrt.o)
                0x0000809c                sqrt
 .text.__ieee754_sqrt
                0x000080a4      0x17c E:/Freescale/CW MCU v10.5/MCU/ARM_GCC_Support/ewl/lib/armv6-m\libm.a(e_sqrt.o)
                0x000080a4                __ieee754_sqrt
 .text.frexp    0x00008220       0x80 E:/Freescale/CW MCU v10.5/MCU/ARM_GCC_Support/ewl/lib/armv6-m\libm.a(s_frexp.o)
                0x00008220                frexp
 .text.ldexp    0x000082a0      0x148 E:/Freescale/CW MCU v10.5/MCU/ARM_GCC_Support/ewl/lib/armv6-m\libm.a(s_ldexp.o)
                0x000082a0                ldexp
 .text.__fpclassifyd
                0x000083e8       0x38 E:/Freescale/CW MCU v10.5/MCU/ARM_GCC_Support/ewl/lib/armv6-m\libm.a(math_api.o)
                0x000083e8                __fpclassifyd
 *(.rodata)
 .rodata        0x00008420       0x40 e:/freescale/cw mcu v10.5/cross_tools/arm-none-eabi-gcc-4_7_3/bin/../lib/gcc/arm-none-eabi/4.7.3/armv6-m\libgcc.a(divsf3.o)
 .rodata        0x00008460       0x40 e:/freescale/cw mcu v10.5/cross_tools/arm-none-eabi-gcc-4_7_3/bin/../lib/gcc/arm-none-eabi/4.7.3/armv6-m\libgcc.a(mulsf3.o)
 .rodata        0x000084a0       0x40 e:/freescale/cw mcu v10.5/cross_tools/arm-none-eabi-gcc-4_7_3/bin/../lib/gcc/arm-none-eabi/4.7.3/armv6-m\libgcc.a(divdf3.o)
 .rodata        0x000084e0       0x40 e:/freescale/cw mcu v10.5/cross_tools/arm-none-eabi-gcc-4_7_3/bin/../lib/gcc/arm-none-eabi/4.7.3/armv6-m\libgcc.a(muldf3.o)
 *(.rodata*)
 .rodata.DATA_FRAME_HEAD_SIZE
                0x00008520        0x1 ./Sources/Process.o
                0x00008520                DATA_FRAME_HEAD_SIZE
 *fill*         0x00008521        0x3 00
 .rodata.SwapARMDataBuffer
                0x00008524       0x18 ./Sources/Process.o
 .rodata.DATA_FRAME_HEAD_BIT
                0x0000853c        0x1 ./Sources/Init.o
                0x0000853c                DATA_FRAME_HEAD_BIT
 .rodata.DATA_FRAME_TAIL_BIT
                0x0000853d        0x1 ./Sources/Init.o
                0x0000853d                DATA_FRAME_TAIL_BIT
 *fill*         0x0000853e        0x2 00
 .rodata.npio2_hw
                0x00008540       0x80 E:/Freescale/CW MCU v10.5/MCU/ARM_GCC_Support/ewl/lib/armv6-m\libm.a(e_rem_pio2.o)
 .rodata.two_over_pi
                0x000085c0      0x108 E:/Freescale/CW MCU v10.5/MCU/ARM_GCC_Support/ewl/lib/armv6-m\libm.a(e_rem_pio2.o)
 .rodata.init_jk
                0x000086c8       0x10 E:/Freescale/CW MCU v10.5/MCU/ARM_GCC_Support/ewl/lib/armv6-m\libm.a(k_rem_pio2.o)
 .rodata.PIo2   0x000086d8       0x40 E:/Freescale/CW MCU v10.5/MCU/ARM_GCC_Support/ewl/lib/armv6-m\libm.a(k_rem_pio2.o)
 .rodata.atanlo
                0x00008718       0x20 E:/Freescale/CW MCU v10.5/MCU/ARM_GCC_Support/ewl/lib/armv6-m\libm.a(s_atan.o)
 .rodata.atanhi
                0x00008738       0x20 E:/Freescale/CW MCU v10.5/MCU/ARM_GCC_Support/ewl/lib/armv6-m\libm.a(s_atan.o)
 *(.glue_7)
 .glue_7        0x00000000        0x0 linker stubs
 *(.glue_7t)
 .glue_7t       0x00000000        0x0 linker stubs
 *(.eh_frame)
 *(.init)
 *(.fini)
                0x00008758                . = ALIGN (0x4)
                0x00008758                _etext = .

.vfp11_veneer   0x00008758        0x0
 .vfp11_veneer  0x00000000        0x0 linker stubs

.v4_bx          0x00008758        0x0
 .v4_bx         0x00000000        0x0 linker stubs

.iplt           0x00008758        0x0
 .iplt          0x00000000        0x0 ./Compents/calculate/calculate.o

.rel.dyn        0x00008758        0x0
 .rel.iplt      0x00000000        0x0 ./Compents/calculate/calculate.o

.ARM.extab
 *(.ARM.extab* .gnu.linkonce.armextab.*)

.ARM            0x00008758        0x0
                0x00008758                __exidx_start = .
 *(.ARM.exidx*)
                0x00008758                __exidx_end = .

.ctors          0x00008758        0x0
                0x00008758                __CTOR_LIST__ = .
 *crtbegin.o(.ctors)
 *(EXCLUDE_FILE(*crtend.o) .ctors)
 *(SORT(.ctors.*))
 *(.ctors)
                0x00008758                __CTOR_END__ = .

.dtors          0x00008758        0x0
                0x00008758                __DTOR_LIST__ = .
 *crtbegin.o(.dtors)
 *(EXCLUDE_FILE(*crtend.o) .dtors)
 *(SORT(.dtors.*))
 *(.dtors)
                0x00008758                __DTOR_END__ = .

.preinit_array  0x00008758        0x0
                0x00008758                PROVIDE (__preinit_array_start, .)
 *(.preinit_array*)
                0x00008758                PROVIDE (__preinit_array_end, .)

.init_array     0x00008758        0x0
                0x00008758                PROVIDE (__init_array_start, .)
 *(SORT(.init_array.*))
 *(.init_array*)
                0x00008758                PROVIDE (__init_array_end, .)

.fini_array     0x00008758        0x0
                0x00008758                PROVIDE (__fini_array_start, .)
 *(SORT(.fini_array.*))
 *(.fini_array*)
                0x00008758                PROVIDE (__fini_array_end, .)
                0x00008758                ___ROM_AT = .

.mtb            0x1ffff000        0x0
                0x1ffff000                . = ALIGN (0x8)
                0x1ffff000                _mtb_start = .
 *(.mtb_buf)
                0x1ffff000                . = ALIGN (0x8)
                0x1ffff000                _mtb_end = .

.data           0x1ffff000       0x18 load address 0x00008758
                0x1ffff000                . = ALIGN (0x4)
                0x1ffff000                _sdata = .
 *(.data)
 *(.data*)
 .data.Mx_gain  0x1ffff000        0x4 ./Sources/ProcessorExpert.o
                0x1ffff000                Mx_gain
 .data.My_gain  0x1ffff004        0x4 ./Sources/ProcessorExpert.o
                0x1ffff004                My_gain
 .data.Mz_gain  0x1ffff008        0x4 ./Sources/ProcessorExpert.o
                0x1ffff008                Mz_gain
 .data.first_data
                0x1ffff00c        0x1 ./Sources/ProcessorExpert.o
                0x1ffff00c                first_data
 .data.Init_State
                0x1ffff00d        0x1 ./Sources/ProcessorExpert.o
                0x1ffff00d                Init_State
 *fill*         0x1ffff00e        0x2 00
 .data.__double_nan
                0x1ffff010        0x8 E:/Freescale/CW MCU v10.5/MCU/ARM_GCC_Support/ewl/lib/armv6-m\libm.a(float.o)
                0x1ffff010                __double_nan
                0x1ffff018                . = ALIGN (0x4)
                0x1ffff018                _edata = .
                0x00000018                ___data_size = (_edata - _sdata)

.igot.plt       0x1ffff018        0x0 load address 0x00008770
 .igot.plt      0x00000000        0x0 ./Compents/calculate/calculate.o
                0x1ffff018                . = ALIGN (0x4)

.bss            0x1ffff018      0x2d0 load address 0x00008770
                0x1ffff018                __START_BSS = .
                0x1ffff018                PROVIDE (__bss_start__, __START_BSS)
 *(.bss)
 *(.bss*)
 .bss.exInt     0x1ffff018        0x4 ./Compents/calculate/calculate.o
                0x1ffff018                exInt
 .bss.eyInt     0x1ffff01c        0x4 ./Compents/calculate/calculate.o
                0x1ffff01c                eyInt
 .bss.ezInt     0x1ffff020        0x4 ./Compents/calculate/calculate.o
                0x1ffff020                ezInt
 .bss.DeviceDataPrv__DEFAULT_RTOS_ALLOC
                0x1ffff024        0xc ./Generated_Code/TimerIntLdd1.o
 .bss.INT_TPM1__DEFAULT_RTOS_ISRPARAM
                0x1ffff030        0x4 ./Generated_Code/TU2.o
 .bss.DeviceDataPrv__DEFAULT_RTOS_ALLOC
                0x1ffff034        0xc ./Generated_Code/TU1.o
 .bss.INT_TPM0__DEFAULT_RTOS_ISRPARAM
                0x1ffff040        0x4 ./Generated_Code/TU1.o
 .bss.DeviceDataPrv__DEFAULT_RTOS_ALLOC
                0x1ffff044       0x1c ./Generated_Code/SS_SPI0.o
 .bss.INT_SPI0__DEFAULT_RTOS_ISRPARAM
                0x1ffff060        0x4 ./Generated_Code/SS_SPI0.o
 .bss.PE_LDD_DeviceDataList
                0x1ffff064       0x1c ./Generated_Code/PE_LDD.o
                0x1ffff064                PE_LDD_DeviceDataList
 .bss.DeviceDataPrv__DEFAULT_RTOS_ALLOC
                0x1ffff080        0x4 ./Generated_Code/MPU6050_DRDY.o
 .bss.INT_PORTA__DEFAULT_RTOS_ISRPARAM
                0x1ffff084        0x4 ./Generated_Code/MPU6050_DRDY.o
 .bss.DeviceDataPrv__DEFAULT_RTOS_ALLOC
                0x1ffff088        0x4 ./Generated_Code/Led.o
 .bss.SR_lock   0x1ffff08c        0x1 ./Generated_Code/Cpu.o
                0x1ffff08c                SR_lock
 *fill*         0x1ffff08d        0x3 00
 .bss.argv      0x1ffff090        0x4 ./Project_Settings/Startup_Code/__arm_start.o
 .bss.SlaveReceivedFlg
                0x1ffff094        0x1 ./Sources/ProcessorExpert.o
                0x1ffff094                SlaveReceivedFlg
 *fill*         0x1ffff095        0x3 00
 .bss.slave_receive
                0x1ffff098       0x60 ./Sources/ProcessorExpert.o
                0x1ffff098                slave_receive
 .bss.chDataCnt
                0x1ffff0f8        0x4 ./Sources/Process.o
 .bss.overflowCnt
                0x1ffff0fc        0x1 ./Sources/Process.o
 *fill*         0x1ffff0fd        0x3 00
 .bss.__S_romp  0x1ffff100        0xc E:/Freescale/CW MCU v10.5/MCU/ARM_GCC_Support/ewl/lib/armv6-m\librt.a(ROMCopy.o)
 .bss.__global_destructor_chain
                0x1ffff10c        0x4 E:/Freescale/CW MCU v10.5/MCU/ARM_GCC_Support/ewl/lib/armv6-m\librt.a(__arm_eabi_init.o)
                0x1ffff10c                __global_destructor_chain
 .bss.__stdio_exit
                0x1ffff110        0x4 E:/Freescale/CW MCU v10.5/MCU/ARM_GCC_Support/ewl/lib/armv6-m\libc.a(exit.o)
                0x1ffff110                __stdio_exit
 .bss.__console_exit
                0x1ffff114        0x4 E:/Freescale/CW MCU v10.5/MCU/ARM_GCC_Support/ewl/lib/armv6-m\libc.a(exit.o)
                0x1ffff114                __console_exit
 *(COMMON)
 COMMON         0x1ffff118        0x1 ./Generated_Code/Cpu.o
                0x1ffff118                SR_reg
 *fill*         0x1ffff119        0x3 00
 COMMON         0x1ffff11c      0x1c8 ./Sources/ProcessorExpert.o
                0x1ffff11c                slaveSPITxDMADevData
                0x1ffff120                tARM
                0x1ffff1ec                init_gx
                0x1ffff1f0                Mx_offset
                0x1ffff1f4                slaveSPI0DevData
                0x1ffff1f8                init_gy
                0x1ffff1fc                q2
                0x1ffff200                init_mz
                0x1ffff204                Mz_offset
                0x1ffff208                portD7DevData
                0x1ffff20c                cnt
                0x1ffff210                tSENSOR
                0x1ffff230                Gy_offset
                0x1ffff234                TimingDelay
                0x1ffff238                dmaControllerDevData
                0x1ffff23c                init_ay
                0x1ffff240                My_offset
                0x1ffff244                tMCUPtr
                0x1ffff248                q3
                0x1ffff24c                tSENSORPtr
                0x1ffff250                q1
                0x1ffff254                init_ax
                0x1ffff258                Gz_offset
                0x1ffff25c                tARMPtr
                0x1ffff260                init_mx
                0x1ffff264                slaveSPIRxDMADevData
                0x1ffff268                yaw
                0x1ffff26c                tMCU
                0x1ffff2c8                q0
                0x1ffff2cc                pitch
                0x1ffff2d0                roll
                0x1ffff2d4                Gx_offset
                0x1ffff2d8                init_gz
                0x1ffff2dc                init_az
                0x1ffff2e0                init_my
 COMMON         0x1ffff2e4        0x4 E:/Freescale/CW MCU v10.5/MCU/ARM_GCC_Support/ewl/lib/armv6-m\libc.a(errno.o)
                0x1ffff2e4                errno
                0x1ffff2e8                . = ALIGN (0x4)
                0x1ffff2e8                __END_BSS = .
                0x1ffff2e8                PROVIDE (__bss_end__, __END_BSS)
                0x00008770                _romp_at = (___ROM_AT + SIZEOF (.data))

.romp           0x1ffff2e8       0x18 load address 0x00008770
                0x00008770                __S_romp = _romp_at
                0x1ffff2e8        0x4 LONG 0x8758 ___ROM_AT
                0x1ffff2ec        0x4 LONG 0x1ffff000 _sdata
                0x1ffff2f0        0x4 LONG 0x18 ___data_size
                0x1ffff2f4        0x4 LONG 0x0
                0x1ffff2f8        0x4 LONG 0x0
                0x1ffff2fc        0x4 LONG 0x0

._user_heap_stack
                0x1ffff300      0x400 load address 0x00008788
                0x1ffff300                . = ALIGN (0x4)
                0x1ffff300                PROVIDE (end, .)
                0x1ffff300                PROVIDE (_end, .)
                0x1ffff300                __heap_addr = .
                0x1ffff300                . = (. + __heap_size)
                0x1ffff700                . = (. + __stack_size)
 *fill*         0x1ffff300      0x400 00
                0x1ffff700                . = ALIGN (0x4)

.ARM.attributes
                0x00000000       0x31
 *(.ARM.attributes)
 .ARM.attributes
                0x00000000       0x31 ./Compents/calculate/calculate.o
 .ARM.attributes
                0x00000031       0x31 ./Compents/delay/delay.o
 .ARM.attributes
                0x00000062       0x31 ./Compents/hal_iic/hal_iic.o
 .ARM.attributes
                0x00000093       0x31 ./Compents/hmc5883/myiic_m.o
 .ARM.attributes
                0x000000c4       0x31 ./Compents/hmc5883/hmc5883.o
 .ARM.attributes
                0x000000f5       0x31 ./Compents/mpu6050/myiic_g.o
 .ARM.attributes
                0x00000126       0x31 ./Compents/mpu6050/mpu6050.o
 .ARM.attributes
                0x00000157       0x31 ./Generated_Code/Vectors.o
 .ARM.attributes
                0x00000188       0x31 ./Generated_Code/TimerIntLdd1.o
 .ARM.attributes
                0x000001b9       0x31 ./Generated_Code/TU2.o
 .ARM.attributes
                0x000001ea       0x31 ./Generated_Code/TU1.o
 .ARM.attributes
                0x0000021b       0x31 ./Generated_Code/TI1.o
 .ARM.attributes
                0x0000024c       0x31 ./Generated_Code/SS_SPI0.o
 .ARM.attributes
                0x0000027d       0x31 ./Generated_Code/RealTimeLdd1.o
 .ARM.attributes
                0x000002ae       0x31 ./Generated_Code/PE_LDD.o
 .ARM.attributes
                0x000002df       0x31 ./Generated_Code/MPU6050_DRDY.o
 .ARM.attributes
                0x00000310       0x31 ./Generated_Code/Led.o
 .ARM.attributes
                0x00000341       0x31 ./Generated_Code/Cpu.o
 .ARM.attributes
                0x00000372       0x31 ./Project_Settings/Startup_Code/__arm_start.o
 .ARM.attributes
                0x000003a3       0x31 ./Project_Settings/Startup_Code/__arm_end.o
 .ARM.attributes
                0x000003d4       0x31 ./Sources/ProcessorExpert.o
 .ARM.attributes
                0x00000405       0x31 ./Sources/Process.o
 .ARM.attributes
                0x00000436       0x31 ./Sources/Init.o
 .ARM.attributes
                0x00000467       0x31 ./Sources/Events.o
 .ARM.attributes
                0x00000498       0x31 E:/Freescale/CW MCU v10.5/MCU/ARM_GCC_Support/ewl/lib/armv6-m\librt.a(gcc_ctor_dtor.o)
 .ARM.attributes
                0x000004c9       0x31 E:/Freescale/CW MCU v10.5/MCU/ARM_GCC_Support/ewl/lib/armv6-m\librt.a(ROMCopy.o)
 .ARM.attributes
                0x000004fa       0x31 E:/Freescale/CW MCU v10.5/MCU/ARM_GCC_Support/ewl/lib/armv6-m\librt.a(__arm_eabi_init.o)
 .ARM.attributes
                0x0000052b       0x31 E:/Freescale/CW MCU v10.5/MCU/ARM_GCC_Support/ewl/lib/armv6-m\libc.a(exit.o)
 .ARM.attributes
                0x0000055c       0x31 E:/Freescale/CW MCU v10.5/MCU/ARM_GCC_Support/ewl/lib/armv6-m\libc.a(memset.o)
 .ARM.attributes
                0x0000058d       0x31 E:/Freescale/CW MCU v10.5/MCU/ARM_GCC_Support/ewl/lib/armv6-m\libc.a(__filll_mem.o)
 .ARM.attributes
                0x000005be       0x31 E:/Freescale/CW MCU v10.5/MCU/ARM_GCC_Support/ewl/lib/armv6-m\libm.a(s_cos.o)
 .ARM.attributes
                0x000005ef       0x31 E:/Freescale/CW MCU v10.5/MCU/ARM_GCC_Support/ewl/lib/armv6-m\libm.a(s_sin.o)
 .ARM.attributes
                0x00000620       0x31 E:/Freescale/CW MCU v10.5/MCU/ARM_GCC_Support/ewl/lib/armv6-m\libm.a(w_asin.o)
 .ARM.attributes
                0x00000651       0x31 E:/Freescale/CW MCU v10.5/MCU/ARM_GCC_Support/ewl/lib/armv6-m\libm.a(w_atan2.o)
 .ARM.attributes
                0x00000682       0x31 E:/Freescale/CW MCU v10.5/MCU/ARM_GCC_Support/ewl/lib/armv6-m\libm.a(w_sqrtf.o)
 .ARM.attributes
                0x000006b3       0x31 E:/Freescale/CW MCU v10.5/MCU/ARM_GCC_Support/ewl/lib/armv6-m\libm.a(e_asin.o)
 .ARM.attributes
                0x000006e4       0x31 E:/Freescale/CW MCU v10.5/MCU/ARM_GCC_Support/ewl/lib/armv6-m\libm.a(e_atan2.o)
 .ARM.attributes
                0x00000715       0x31 E:/Freescale/CW MCU v10.5/MCU/ARM_GCC_Support/ewl/lib/armv6-m\libm.a(e_rem_pio2.o)
 .ARM.attributes
                0x00000746       0x31 E:/Freescale/CW MCU v10.5/MCU/ARM_GCC_Support/ewl/lib/armv6-m\libm.a(e_sqrtf.o)
 .ARM.attributes
                0x00000777       0x31 E:/Freescale/CW MCU v10.5/MCU/ARM_GCC_Support/ewl/lib/armv6-m\libm.a(float.o)
 .ARM.attributes
                0x000007a8       0x31 E:/Freescale/CW MCU v10.5/MCU/ARM_GCC_Support/ewl/lib/armv6-m\libm.a(k_cos.o)
 .ARM.attributes
                0x000007d9       0x31 E:/Freescale/CW MCU v10.5/MCU/ARM_GCC_Support/ewl/lib/armv6-m\libm.a(k_rem_pio2.o)
 .ARM.attributes
                0x0000080a       0x31 E:/Freescale/CW MCU v10.5/MCU/ARM_GCC_Support/ewl/lib/armv6-m\libm.a(k_sin.o)
 .ARM.attributes
                0x0000083b       0x31 E:/Freescale/CW MCU v10.5/MCU/ARM_GCC_Support/ewl/lib/armv6-m\libm.a(s_atan.o)
 .ARM.attributes
                0x0000086c       0x31 E:/Freescale/CW MCU v10.5/MCU/ARM_GCC_Support/ewl/lib/armv6-m\libm.a(s_floor.o)
 .ARM.attributes
                0x0000089d       0x31 E:/Freescale/CW MCU v10.5/MCU/ARM_GCC_Support/ewl/lib/armv6-m\libm.a(scalbn.o)
 .ARM.attributes
                0x000008ce       0x31 E:/Freescale/CW MCU v10.5/MCU/ARM_GCC_Support/ewl/lib/armv6-m\libm.a(w_sqrt.o)
 .ARM.attributes
                0x000008ff       0x31 E:/Freescale/CW MCU v10.5/MCU/ARM_GCC_Support/ewl/lib/armv6-m\libm.a(e_sqrt.o)
 .ARM.attributes
                0x00000930       0x31 E:/Freescale/CW MCU v10.5/MCU/ARM_GCC_Support/ewl/lib/armv6-m\libm.a(s_frexp.o)
 .ARM.attributes
                0x00000961       0x31 E:/Freescale/CW MCU v10.5/MCU/ARM_GCC_Support/ewl/lib/armv6-m\libm.a(s_ldexp.o)
 .ARM.attributes
                0x00000992       0x31 E:/Freescale/CW MCU v10.5/MCU/ARM_GCC_Support/ewl/lib/armv6-m\libm.a(math_api.o)
 .ARM.attributes
                0x000009c3       0x1e e:/freescale/cw mcu v10.5/cross_tools/arm-none-eabi-gcc-4_7_3/bin/../lib/gcc/arm-none-eabi/4.7.3/armv6-m\libgcc.a(_thumb1_case_uqi.o)
 .ARM.attributes
                0x000009e1       0x1e e:/freescale/cw mcu v10.5/cross_tools/arm-none-eabi-gcc-4_7_3/bin/../lib/gcc/arm-none-eabi/4.7.3/armv6-m\libgcc.a(_udivsi3.o)
 .ARM.attributes
                0x000009ff       0x1e e:/freescale/cw mcu v10.5/cross_tools/arm-none-eabi-gcc-4_7_3/bin/../lib/gcc/arm-none-eabi/4.7.3/armv6-m\libgcc.a(_divsi3.o)
 .ARM.attributes
                0x00000a1d       0x1e e:/freescale/cw mcu v10.5/cross_tools/arm-none-eabi-gcc-4_7_3/bin/../lib/gcc/arm-none-eabi/4.7.3/armv6-m\libgcc.a(_dvmd_tls.o)
 .ARM.attributes
                0x00000a3b       0x1e e:/freescale/cw mcu v10.5/cross_tools/arm-none-eabi-gcc-4_7_3/bin/../lib/gcc/arm-none-eabi/4.7.3/armv6-m\libgcc.a(_arm_cmpdf2.o)
 .ARM.attributes
                0x00000a59       0x2c e:/freescale/cw mcu v10.5/cross_tools/arm-none-eabi-gcc-4_7_3/bin/../lib/gcc/arm-none-eabi/4.7.3/armv6-m\libgcc.a(addsf3.o)
 .ARM.attributes
                0x00000a85       0x2c e:/freescale/cw mcu v10.5/cross_tools/arm-none-eabi-gcc-4_7_3/bin/../lib/gcc/arm-none-eabi/4.7.3/armv6-m\libgcc.a(divsf3.o)
 .ARM.attributes
                0x00000ab1       0x2c e:/freescale/cw mcu v10.5/cross_tools/arm-none-eabi-gcc-4_7_3/bin/../lib/gcc/arm-none-eabi/4.7.3/armv6-m\libgcc.a(mulsf3.o)
 .ARM.attributes
                0x00000add       0x2c e:/freescale/cw mcu v10.5/cross_tools/arm-none-eabi-gcc-4_7_3/bin/../lib/gcc/arm-none-eabi/4.7.3/armv6-m\libgcc.a(subsf3.o)
 .ARM.attributes
                0x00000b09       0x2c e:/freescale/cw mcu v10.5/cross_tools/arm-none-eabi-gcc-4_7_3/bin/../lib/gcc/arm-none-eabi/4.7.3/armv6-m\libgcc.a(floatsisf.o)
 .ARM.attributes
                0x00000b35       0x2c e:/freescale/cw mcu v10.5/cross_tools/arm-none-eabi-gcc-4_7_3/bin/../lib/gcc/arm-none-eabi/4.7.3/armv6-m\libgcc.a(adddf3.o)
 .ARM.attributes
                0x00000b61       0x2c e:/freescale/cw mcu v10.5/cross_tools/arm-none-eabi-gcc-4_7_3/bin/../lib/gcc/arm-none-eabi/4.7.3/armv6-m\libgcc.a(divdf3.o)
 .ARM.attributes
                0x00000b8d       0x2c e:/freescale/cw mcu v10.5/cross_tools/arm-none-eabi-gcc-4_7_3/bin/../lib/gcc/arm-none-eabi/4.7.3/armv6-m\libgcc.a(eqdf2.o)
 .ARM.attributes
                0x00000bb9       0x2c e:/freescale/cw mcu v10.5/cross_tools/arm-none-eabi-gcc-4_7_3/bin/../lib/gcc/arm-none-eabi/4.7.3/armv6-m\libgcc.a(gedf2.o)
 .ARM.attributes
                0x00000be5       0x2c e:/freescale/cw mcu v10.5/cross_tools/arm-none-eabi-gcc-4_7_3/bin/../lib/gcc/arm-none-eabi/4.7.3/armv6-m\libgcc.a(ledf2.o)
 .ARM.attributes
                0x00000c11       0x2c e:/freescale/cw mcu v10.5/cross_tools/arm-none-eabi-gcc-4_7_3/bin/../lib/gcc/arm-none-eabi/4.7.3/armv6-m\libgcc.a(muldf3.o)
 .ARM.attributes
                0x00000c3d       0x2c e:/freescale/cw mcu v10.5/cross_tools/arm-none-eabi-gcc-4_7_3/bin/../lib/gcc/arm-none-eabi/4.7.3/armv6-m\libgcc.a(subdf3.o)
 .ARM.attributes
                0x00000c69       0x2c e:/freescale/cw mcu v10.5/cross_tools/arm-none-eabi-gcc-4_7_3/bin/../lib/gcc/arm-none-eabi/4.7.3/armv6-m\libgcc.a(fixdfsi.o)
 .ARM.attributes
                0x00000c95       0x2c e:/freescale/cw mcu v10.5/cross_tools/arm-none-eabi-gcc-4_7_3/bin/../lib/gcc/arm-none-eabi/4.7.3/armv6-m\libgcc.a(floatsidf.o)
 .ARM.attributes
                0x00000cc1       0x2c e:/freescale/cw mcu v10.5/cross_tools/arm-none-eabi-gcc-4_7_3/bin/../lib/gcc/arm-none-eabi/4.7.3/armv6-m\libgcc.a(extendsfdf2.o)
 .ARM.attributes
                0x00000ced       0x2c e:/freescale/cw mcu v10.5/cross_tools/arm-none-eabi-gcc-4_7_3/bin/../lib/gcc/arm-none-eabi/4.7.3/armv6-m\libgcc.a(truncdfsf2.o)
 .ARM.attributes
                0x00000d19       0x1e e:/freescale/cw mcu v10.5/cross_tools/arm-none-eabi-gcc-4_7_3/bin/../lib/gcc/arm-none-eabi/4.7.3/armv6-m\libgcc.a(_clzsi2.o)
 .ARM.attributes
                0x00000d37       0x31 E:/Freescale/CW MCU v10.5/MCU/ARM_GCC_Support/ewl/lib/armv6-m\libc.a(errno.o)
OUTPUT(Sensor3.0_KL25Z.elf elf32-littlearm)

.debug_info     0x00000000     0x9a39
 .debug_info    0x00000000      0x696 ./Compents/calculate/calculate.o
 .debug_info    0x00000696      0x13e ./Compents/delay/delay.o
 .debug_info    0x000007d4      0x365 ./Compents/hal_iic/hal_iic.o
 .debug_info    0x00000b39      0x427 ./Compents/hmc5883/myiic_m.o
 .debug_info    0x00000f60      0x296 ./Compents/hmc5883/hmc5883.o
 .debug_info    0x000011f6      0x427 ./Compents/mpu6050/myiic_g.o
 .debug_info    0x0000161d      0x2f0 ./Compents/mpu6050/mpu6050.o
 .debug_info    0x0000190d      0x104 ./Generated_Code/Vectors.o
 .debug_info    0x00001a11      0x178 ./Generated_Code/TimerIntLdd1.o
 .debug_info    0x00001b89      0x5e9 ./Generated_Code/TU2.o
 .debug_info    0x00002172      0x5a7 ./Generated_Code/TU1.o
 .debug_info    0x00002719       0xa7 ./Generated_Code/TI1.o
 .debug_info    0x000027c0      0x73c ./Generated_Code/SS_SPI0.o
 .debug_info    0x00002efc      0x312 ./Generated_Code/RealTimeLdd1.o
 .debug_info    0x0000320e      0x24e ./Generated_Code/PE_LDD.o
 .debug_info    0x0000345c      0x2f3 ./Generated_Code/MPU6050_DRDY.o
 .debug_info    0x0000374f      0x399 ./Generated_Code/Led.o
 .debug_info    0x00003ae8      0x95f ./Generated_Code/Cpu.o
 .debug_info    0x00004447      0x12a ./Project_Settings/Startup_Code/__arm_start.o
 .debug_info    0x00004571       0x54 ./Project_Settings/Startup_Code/__arm_end.o
 .debug_info    0x000045c5      0x954 ./Sources/ProcessorExpert.o
 .debug_info    0x00004f19      0x9c1 ./Sources/Process.o
 .debug_info    0x000058da      0x79a ./Sources/Init.o
 .debug_info    0x00006074      0x8e2 ./Sources/Events.o
 .debug_info    0x00006956      0x136 E:/Freescale/CW MCU v10.5/MCU/ARM_GCC_Support/ewl/lib/armv6-m\librt.a(gcc_ctor_dtor.o)
 .debug_info    0x00006a8c      0x19b E:/Freescale/CW MCU v10.5/MCU/ARM_GCC_Support/ewl/lib/armv6-m\librt.a(ROMCopy.o)
 .debug_info    0x00006c27      0x2b9 E:/Freescale/CW MCU v10.5/MCU/ARM_GCC_Support/ewl/lib/armv6-m\librt.a(__arm_eabi_init.o)
 .debug_info    0x00006ee0       0xe8 E:/Freescale/CW MCU v10.5/MCU/ARM_GCC_Support/ewl/lib/armv6-m\libc.a(exit.o)
 .debug_info    0x00006fc8       0xec E:/Freescale/CW MCU v10.5/MCU/ARM_GCC_Support/ewl/lib/armv6-m\libc.a(memset.o)
 .debug_info    0x000070b4      0x137 E:/Freescale/CW MCU v10.5/MCU/ARM_GCC_Support/ewl/lib/armv6-m\libc.a(__filll_mem.o)
 .debug_info    0x000071eb      0x1a0 E:/Freescale/CW MCU v10.5/MCU/ARM_GCC_Support/ewl/lib/armv6-m\libm.a(s_cos.o)
 .debug_info    0x0000738b      0x1a0 E:/Freescale/CW MCU v10.5/MCU/ARM_GCC_Support/ewl/lib/armv6-m\libm.a(s_sin.o)
 .debug_info    0x0000752b       0xb2 E:/Freescale/CW MCU v10.5/MCU/ARM_GCC_Support/ewl/lib/armv6-m\libm.a(w_asin.o)
 .debug_info    0x000075dd       0xbf E:/Freescale/CW MCU v10.5/MCU/ARM_GCC_Support/ewl/lib/armv6-m\libm.a(w_atan2.o)
 .debug_info    0x0000769c       0xb3 E:/Freescale/CW MCU v10.5/MCU/ARM_GCC_Support/ewl/lib/armv6-m\libm.a(w_sqrtf.o)
 .debug_info    0x0000774f      0x326 E:/Freescale/CW MCU v10.5/MCU/ARM_GCC_Support/ewl/lib/armv6-m\libm.a(e_asin.o)
 .debug_info    0x00007a75      0x26a E:/Freescale/CW MCU v10.5/MCU/ARM_GCC_Support/ewl/lib/armv6-m\libm.a(e_atan2.o)
 .debug_info    0x00007cdf      0x343 E:/Freescale/CW MCU v10.5/MCU/ARM_GCC_Support/ewl/lib/armv6-m\libm.a(e_rem_pio2.o)
 .debug_info    0x00008022      0x1c0 E:/Freescale/CW MCU v10.5/MCU/ARM_GCC_Support/ewl/lib/armv6-m\libm.a(e_sqrtf.o)
 .debug_info    0x000081e2      0x1e4 E:/Freescale/CW MCU v10.5/MCU/ARM_GCC_Support/ewl/lib/armv6-m\libm.a(float.o)
 .debug_info    0x000083c6      0x22d E:/Freescale/CW MCU v10.5/MCU/ARM_GCC_Support/ewl/lib/armv6-m\libm.a(k_cos.o)
 .debug_info    0x000085f3      0x30a E:/Freescale/CW MCU v10.5/MCU/ARM_GCC_Support/ewl/lib/armv6-m\libm.a(k_rem_pio2.o)
 .debug_info    0x000088fd      0x222 E:/Freescale/CW MCU v10.5/MCU/ARM_GCC_Support/ewl/lib/armv6-m\libm.a(k_sin.o)
 .debug_info    0x00008b1f      0x23a E:/Freescale/CW MCU v10.5/MCU/ARM_GCC_Support/ewl/lib/armv6-m\libm.a(s_atan.o)
 .debug_info    0x00008d59      0x1a9 E:/Freescale/CW MCU v10.5/MCU/ARM_GCC_Support/ewl/lib/armv6-m\libm.a(s_floor.o)
 .debug_info    0x00008f02       0xf9 E:/Freescale/CW MCU v10.5/MCU/ARM_GCC_Support/ewl/lib/armv6-m\libm.a(scalbn.o)
 .debug_info    0x00008ffb       0xb3 E:/Freescale/CW MCU v10.5/MCU/ARM_GCC_Support/ewl/lib/armv6-m\libm.a(w_sqrt.o)
 .debug_info    0x000090ae      0x266 E:/Freescale/CW MCU v10.5/MCU/ARM_GCC_Support/ewl/lib/armv6-m\libm.a(e_sqrt.o)
 .debug_info    0x00009314      0x1a1 E:/Freescale/CW MCU v10.5/MCU/ARM_GCC_Support/ewl/lib/armv6-m\libm.a(s_frexp.o)
 .debug_info    0x000094b5      0x1e2 E:/Freescale/CW MCU v10.5/MCU/ARM_GCC_Support/ewl/lib/armv6-m\libm.a(s_ldexp.o)
 .debug_info    0x00009697      0x305 E:/Freescale/CW MCU v10.5/MCU/ARM_GCC_Support/ewl/lib/armv6-m\libm.a(math_api.o)
 .debug_info    0x0000999c       0x9d E:/Freescale/CW MCU v10.5/MCU/ARM_GCC_Support/ewl/lib/armv6-m\libc.a(errno.o)

.debug_abbrev   0x00000000     0x2d73
 .debug_abbrev  0x00000000      0x134 ./Compents/calculate/calculate.o
 .debug_abbrev  0x00000134       0xcb ./Compents/delay/delay.o
 .debug_abbrev  0x000001ff       0xe4 ./Compents/hal_iic/hal_iic.o
 .debug_abbrev  0x000002e3       0xbe ./Compents/hmc5883/myiic_m.o
 .debug_abbrev  0x000003a1      0x11d ./Compents/hmc5883/hmc5883.o
 .debug_abbrev  0x000004be       0xbe ./Compents/mpu6050/myiic_g.o
 .debug_abbrev  0x0000057c      0x134 ./Compents/mpu6050/mpu6050.o
 .debug_abbrev  0x000006b0       0xa3 ./Generated_Code/Vectors.o
 .debug_abbrev  0x00000753       0xd2 ./Generated_Code/TimerIntLdd1.o
 .debug_abbrev  0x00000825      0x141 ./Generated_Code/TU2.o
 .debug_abbrev  0x00000966      0x141 ./Generated_Code/TU1.o
 .debug_abbrev  0x00000aa7       0x60 ./Generated_Code/TI1.o
 .debug_abbrev  0x00000b07      0x182 ./Generated_Code/SS_SPI0.o
 .debug_abbrev  0x00000c89      0x104 ./Generated_Code/RealTimeLdd1.o
 .debug_abbrev  0x00000d8d      0x102 ./Generated_Code/PE_LDD.o
 .debug_abbrev  0x00000e8f      0x134 ./Generated_Code/MPU6050_DRDY.o
 .debug_abbrev  0x00000fc3      0x12b ./Generated_Code/Led.o
 .debug_abbrev  0x000010ee      0x111 ./Generated_Code/Cpu.o
 .debug_abbrev  0x000011ff       0x92 ./Project_Settings/Startup_Code/__arm_start.o
 .debug_abbrev  0x00001291       0x4c ./Project_Settings/Startup_Code/__arm_end.o
 .debug_abbrev  0x000012dd      0x136 ./Sources/ProcessorExpert.o
 .debug_abbrev  0x00001413      0x19b ./Sources/Process.o
 .debug_abbrev  0x000015ae      0x180 ./Sources/Init.o
 .debug_abbrev  0x0000172e      0x1ae ./Sources/Events.o
 .debug_abbrev  0x000018dc       0x99 E:/Freescale/CW MCU v10.5/MCU/ARM_GCC_Support/ewl/lib/armv6-m\librt.a(gcc_ctor_dtor.o)
 .debug_abbrev  0x00001975      0x120 E:/Freescale/CW MCU v10.5/MCU/ARM_GCC_Support/ewl/lib/armv6-m\librt.a(ROMCopy.o)
 .debug_abbrev  0x00001a95      0x1b3 E:/Freescale/CW MCU v10.5/MCU/ARM_GCC_Support/ewl/lib/armv6-m\librt.a(__arm_eabi_init.o)
 .debug_abbrev  0x00001c48       0x7a E:/Freescale/CW MCU v10.5/MCU/ARM_GCC_Support/ewl/lib/armv6-m\libc.a(exit.o)
 .debug_abbrev  0x00001cc2       0x62 E:/Freescale/CW MCU v10.5/MCU/ARM_GCC_Support/ewl/lib/armv6-m\libc.a(memset.o)
 .debug_abbrev  0x00001d24       0x78 E:/Freescale/CW MCU v10.5/MCU/ARM_GCC_Support/ewl/lib/armv6-m\libc.a(__filll_mem.o)
 .debug_abbrev  0x00001d9c       0xd7 E:/Freescale/CW MCU v10.5/MCU/ARM_GCC_Support/ewl/lib/armv6-m\libm.a(s_cos.o)
 .debug_abbrev  0x00001e73       0xd7 E:/Freescale/CW MCU v10.5/MCU/ARM_GCC_Support/ewl/lib/armv6-m\libm.a(s_sin.o)
 .debug_abbrev  0x00001f4a       0x59 E:/Freescale/CW MCU v10.5/MCU/ARM_GCC_Support/ewl/lib/armv6-m\libm.a(w_asin.o)
 .debug_abbrev  0x00001fa3       0x59 E:/Freescale/CW MCU v10.5/MCU/ARM_GCC_Support/ewl/lib/armv6-m\libm.a(w_atan2.o)
 .debug_abbrev  0x00001ffc       0x59 E:/Freescale/CW MCU v10.5/MCU/ARM_GCC_Support/ewl/lib/armv6-m\libm.a(w_sqrtf.o)
 .debug_abbrev  0x00002055       0xfa E:/Freescale/CW MCU v10.5/MCU/ARM_GCC_Support/ewl/lib/armv6-m\libm.a(e_asin.o)
 .debug_abbrev  0x0000214f       0xec E:/Freescale/CW MCU v10.5/MCU/ARM_GCC_Support/ewl/lib/armv6-m\libm.a(e_atan2.o)
 .debug_abbrev  0x0000223b       0xfc E:/Freescale/CW MCU v10.5/MCU/ARM_GCC_Support/ewl/lib/armv6-m\libm.a(e_rem_pio2.o)
 .debug_abbrev  0x00002337       0xdf E:/Freescale/CW MCU v10.5/MCU/ARM_GCC_Support/ewl/lib/armv6-m\libm.a(e_sqrtf.o)
 .debug_abbrev  0x00002416       0x56 E:/Freescale/CW MCU v10.5/MCU/ARM_GCC_Support/ewl/lib/armv6-m\libm.a(float.o)
 .debug_abbrev  0x0000246c       0xcc E:/Freescale/CW MCU v10.5/MCU/ARM_GCC_Support/ewl/lib/armv6-m\libm.a(k_cos.o)
 .debug_abbrev  0x00002538       0xf3 E:/Freescale/CW MCU v10.5/MCU/ARM_GCC_Support/ewl/lib/armv6-m\libm.a(k_rem_pio2.o)
 .debug_abbrev  0x0000262b       0xea E:/Freescale/CW MCU v10.5/MCU/ARM_GCC_Support/ewl/lib/armv6-m\libm.a(k_sin.o)
 .debug_abbrev  0x00002715       0xed E:/Freescale/CW MCU v10.5/MCU/ARM_GCC_Support/ewl/lib/armv6-m\libm.a(s_atan.o)
 .debug_abbrev  0x00002802       0xbf E:/Freescale/CW MCU v10.5/MCU/ARM_GCC_Support/ewl/lib/armv6-m\libm.a(s_floor.o)
 .debug_abbrev  0x000028c1       0x86 E:/Freescale/CW MCU v10.5/MCU/ARM_GCC_Support/ewl/lib/armv6-m\libm.a(scalbn.o)
 .debug_abbrev  0x00002947       0x59 E:/Freescale/CW MCU v10.5/MCU/ARM_GCC_Support/ewl/lib/armv6-m\libm.a(w_sqrt.o)
 .debug_abbrev  0x000029a0      0x10b E:/Freescale/CW MCU v10.5/MCU/ARM_GCC_Support/ewl/lib/armv6-m\libm.a(e_sqrt.o)
 .debug_abbrev  0x00002aab       0xce E:/Freescale/CW MCU v10.5/MCU/ARM_GCC_Support/ewl/lib/armv6-m\libm.a(s_frexp.o)
 .debug_abbrev  0x00002b79       0xce E:/Freescale/CW MCU v10.5/MCU/ARM_GCC_Support/ewl/lib/armv6-m\libm.a(s_ldexp.o)
 .debug_abbrev  0x00002c47       0xe8 E:/Freescale/CW MCU v10.5/MCU/ARM_GCC_Support/ewl/lib/armv6-m\libm.a(math_api.o)
 .debug_abbrev  0x00002d2f       0x44 E:/Freescale/CW MCU v10.5/MCU/ARM_GCC_Support/ewl/lib/armv6-m\libc.a(errno.o)

.debug_loc      0x00000000     0x38f3
 .debug_loc     0x00000000      0x154 ./Compents/calculate/calculate.o
 .debug_loc     0x00000154       0x64 ./Compents/delay/delay.o
 .debug_loc     0x000001b8      0x2d8 ./Compents/hal_iic/hal_iic.o
 .debug_loc     0x00000490       0x2c ./Compents/hmc5883/myiic_m.o
 .debug_loc     0x000004bc      0x118 ./Compents/hmc5883/hmc5883.o
 .debug_loc     0x000005d4       0x2c ./Compents/mpu6050/myiic_g.o
 .debug_loc     0x00000600      0x150 ./Compents/mpu6050/mpu6050.o
 .debug_loc     0x00000750       0x70 ./Generated_Code/TimerIntLdd1.o
 .debug_loc     0x000007c0       0xa8 ./Generated_Code/TU2.o
 .debug_loc     0x00000868       0x70 ./Generated_Code/TU1.o
 .debug_loc     0x000008d8       0x38 ./Generated_Code/TI1.o
 .debug_loc     0x00000910      0x118 ./Generated_Code/SS_SPI0.o
 .debug_loc     0x00000a28      0x118 ./Generated_Code/RealTimeLdd1.o
 .debug_loc     0x00000b40       0x9c ./Generated_Code/PE_LDD.o
 .debug_loc     0x00000bdc       0x70 ./Generated_Code/MPU6050_DRDY.o
 .debug_loc     0x00000c4c      0x118 ./Generated_Code/Led.o
 .debug_loc     0x00000d64       0xb0 ./Generated_Code/Cpu.o
 .debug_loc     0x00000e14       0x2c ./Project_Settings/Startup_Code/__arm_start.o
 .debug_loc     0x00000e40       0x38 ./Project_Settings/Startup_Code/__arm_end.o
 .debug_loc     0x00000e78       0x38 ./Sources/ProcessorExpert.o
 .debug_loc     0x00000eb0      0x17d ./Sources/Process.o
 .debug_loc     0x0000102d      0x1b0 ./Sources/Init.o
 .debug_loc     0x000011dd      0x164 ./Sources/Events.o
 .debug_loc     0x00001341       0x9d E:/Freescale/CW MCU v10.5/MCU/ARM_GCC_Support/ewl/lib/armv6-m\librt.a(gcc_ctor_dtor.o)
 .debug_loc     0x000013de       0xd9 E:/Freescale/CW MCU v10.5/MCU/ARM_GCC_Support/ewl/lib/armv6-m\librt.a(ROMCopy.o)
 .debug_loc     0x000014b7      0x197 E:/Freescale/CW MCU v10.5/MCU/ARM_GCC_Support/ewl/lib/armv6-m\librt.a(__arm_eabi_init.o)
 .debug_loc     0x0000164e       0x3e E:/Freescale/CW MCU v10.5/MCU/ARM_GCC_Support/ewl/lib/armv6-m\libc.a(exit.o)
 .debug_loc     0x0000168c       0x6f E:/Freescale/CW MCU v10.5/MCU/ARM_GCC_Support/ewl/lib/armv6-m\libc.a(memset.o)
 .debug_loc     0x000016fb      0x14a E:/Freescale/CW MCU v10.5/MCU/ARM_GCC_Support/ewl/lib/armv6-m\libc.a(__filll_mem.o)
 .debug_loc     0x00001845       0xc8 E:/Freescale/CW MCU v10.5/MCU/ARM_GCC_Support/ewl/lib/armv6-m\libm.a(s_cos.o)
 .debug_loc     0x0000190d       0xc8 E:/Freescale/CW MCU v10.5/MCU/ARM_GCC_Support/ewl/lib/armv6-m\libm.a(s_sin.o)
 .debug_loc     0x000019d5       0x38 E:/Freescale/CW MCU v10.5/MCU/ARM_GCC_Support/ewl/lib/armv6-m\libm.a(w_asin.o)
 .debug_loc     0x00001a0d       0x50 E:/Freescale/CW MCU v10.5/MCU/ARM_GCC_Support/ewl/lib/armv6-m\libm.a(w_atan2.o)
 .debug_loc     0x00001a5d       0x33 E:/Freescale/CW MCU v10.5/MCU/ARM_GCC_Support/ewl/lib/armv6-m\libm.a(w_sqrtf.o)
 .debug_loc     0x00001a90      0x1fd E:/Freescale/CW MCU v10.5/MCU/ARM_GCC_Support/ewl/lib/armv6-m\libm.a(e_asin.o)
 .debug_loc     0x00001c8d      0x3d7 E:/Freescale/CW MCU v10.5/MCU/ARM_GCC_Support/ewl/lib/armv6-m\libm.a(e_atan2.o)
 .debug_loc     0x00002064      0x316 E:/Freescale/CW MCU v10.5/MCU/ARM_GCC_Support/ewl/lib/armv6-m\libm.a(e_rem_pio2.o)
 .debug_loc     0x0000237a      0x126 E:/Freescale/CW MCU v10.5/MCU/ARM_GCC_Support/ewl/lib/armv6-m\libm.a(e_sqrtf.o)
 .debug_loc     0x000024a0      0x10a E:/Freescale/CW MCU v10.5/MCU/ARM_GCC_Support/ewl/lib/armv6-m\libm.a(k_cos.o)
 .debug_loc     0x000025aa      0x66c E:/Freescale/CW MCU v10.5/MCU/ARM_GCC_Support/ewl/lib/armv6-m\libm.a(k_rem_pio2.o)
 .debug_loc     0x00002c16       0xf4 E:/Freescale/CW MCU v10.5/MCU/ARM_GCC_Support/ewl/lib/armv6-m\libm.a(k_sin.o)
 .debug_loc     0x00002d0a      0x2dd E:/Freescale/CW MCU v10.5/MCU/ARM_GCC_Support/ewl/lib/armv6-m\libm.a(s_atan.o)
 .debug_loc     0x00002fe7      0x143 E:/Freescale/CW MCU v10.5/MCU/ARM_GCC_Support/ewl/lib/armv6-m\libm.a(s_floor.o)
 .debug_loc     0x0000312a       0x6e E:/Freescale/CW MCU v10.5/MCU/ARM_GCC_Support/ewl/lib/armv6-m\libm.a(scalbn.o)
 .debug_loc     0x00003198       0x38 E:/Freescale/CW MCU v10.5/MCU/ARM_GCC_Support/ewl/lib/armv6-m\libm.a(w_sqrt.o)
 .debug_loc     0x000031d0      0x220 E:/Freescale/CW MCU v10.5/MCU/ARM_GCC_Support/ewl/lib/armv6-m\libm.a(e_sqrt.o)
 .debug_loc     0x000033f0       0xc1 E:/Freescale/CW MCU v10.5/MCU/ARM_GCC_Support/ewl/lib/armv6-m\libm.a(s_frexp.o)
 .debug_loc     0x000034b1      0x16b E:/Freescale/CW MCU v10.5/MCU/ARM_GCC_Support/ewl/lib/armv6-m\libm.a(s_ldexp.o)
 .debug_loc     0x0000361c      0x2d7 E:/Freescale/CW MCU v10.5/MCU/ARM_GCC_Support/ewl/lib/armv6-m\libm.a(math_api.o)

.debug_aranges  0x00000000      0x930
 .debug_aranges
                0x00000000       0x48 ./Compents/calculate/calculate.o
 .debug_aranges
                0x00000048       0x28 ./Compents/delay/delay.o
 .debug_aranges
                0x00000070       0x80 ./Compents/hal_iic/hal_iic.o
 .debug_aranges
                0x000000f0       0x20 ./Compents/hmc5883/myiic_m.o
 .debug_aranges
                0x00000110       0x40 ./Compents/hmc5883/hmc5883.o
 .debug_aranges
                0x00000150       0x20 ./Compents/mpu6050/myiic_g.o
 .debug_aranges
                0x00000170       0x48 ./Compents/mpu6050/mpu6050.o
 .debug_aranges
                0x000001b8       0x18 ./Generated_Code/Vectors.o
 .debug_aranges
                0x000001d0       0x28 ./Generated_Code/TimerIntLdd1.o
 .debug_aranges
                0x000001f8       0x30 ./Generated_Code/TU2.o
 .debug_aranges
                0x00000228       0x28 ./Generated_Code/TU1.o
 .debug_aranges
                0x00000250       0x20 ./Generated_Code/TI1.o
 .debug_aranges
                0x00000270       0x40 ./Generated_Code/SS_SPI0.o
 .debug_aranges
                0x000002b0       0x40 ./Generated_Code/RealTimeLdd1.o
 .debug_aranges
                0x000002f0       0x30 ./Generated_Code/PE_LDD.o
 .debug_aranges
                0x00000320       0x28 ./Generated_Code/MPU6050_DRDY.o
 .debug_aranges
                0x00000348       0x40 ./Generated_Code/Led.o
 .debug_aranges
                0x00000388       0x38 ./Generated_Code/Cpu.o
 .debug_aranges
                0x000003c0       0x30 ./Project_Settings/Startup_Code/__arm_start.o
 .debug_aranges
                0x000003f0       0x20 ./Project_Settings/Startup_Code/__arm_end.o
 .debug_aranges
                0x00000410       0x20 ./Sources/ProcessorExpert.o
 .debug_aranges
                0x00000430       0x50 ./Sources/Process.o
 .debug_aranges
                0x00000480       0x60 ./Sources/Init.o
 .debug_aranges
                0x000004e0       0x50 ./Sources/Events.o
 .debug_aranges
                0x00000530       0x28 E:/Freescale/CW MCU v10.5/MCU/ARM_GCC_Support/ewl/lib/armv6-m\librt.a(gcc_ctor_dtor.o)
 .debug_aranges
                0x00000558       0x30 E:/Freescale/CW MCU v10.5/MCU/ARM_GCC_Support/ewl/lib/armv6-m\librt.a(ROMCopy.o)
 .debug_aranges
                0x00000588       0x58 E:/Freescale/CW MCU v10.5/MCU/ARM_GCC_Support/ewl/lib/armv6-m\librt.a(__arm_eabi_init.o)
 .debug_aranges
                0x000005e0       0x20 E:/Freescale/CW MCU v10.5/MCU/ARM_GCC_Support/ewl/lib/armv6-m\libc.a(exit.o)
 .debug_aranges
                0x00000600       0x20 E:/Freescale/CW MCU v10.5/MCU/ARM_GCC_Support/ewl/lib/armv6-m\libc.a(memset.o)
 .debug_aranges
                0x00000620       0x20 E:/Freescale/CW MCU v10.5/MCU/ARM_GCC_Support/ewl/lib/armv6-m\libc.a(__filll_mem.o)
 .debug_aranges
                0x00000640       0x20 E:/Freescale/CW MCU v10.5/MCU/ARM_GCC_Support/ewl/lib/armv6-m\libm.a(s_cos.o)
 .debug_aranges
                0x00000660       0x20 E:/Freescale/CW MCU v10.5/MCU/ARM_GCC_Support/ewl/lib/armv6-m\libm.a(s_sin.o)
 .debug_aranges
                0x00000680       0x20 E:/Freescale/CW MCU v10.5/MCU/ARM_GCC_Support/ewl/lib/armv6-m\libm.a(w_asin.o)
 .debug_aranges
                0x000006a0       0x20 E:/Freescale/CW MCU v10.5/MCU/ARM_GCC_Support/ewl/lib/armv6-m\libm.a(w_atan2.o)
 .debug_aranges
                0x000006c0       0x20 E:/Freescale/CW MCU v10.5/MCU/ARM_GCC_Support/ewl/lib/armv6-m\libm.a(w_sqrtf.o)
 .debug_aranges
                0x000006e0       0x20 E:/Freescale/CW MCU v10.5/MCU/ARM_GCC_Support/ewl/lib/armv6-m\libm.a(e_asin.o)
 .debug_aranges
                0x00000700       0x20 E:/Freescale/CW MCU v10.5/MCU/ARM_GCC_Support/ewl/lib/armv6-m\libm.a(e_atan2.o)
 .debug_aranges
                0x00000720       0x20 E:/Freescale/CW MCU v10.5/MCU/ARM_GCC_Support/ewl/lib/armv6-m\libm.a(e_rem_pio2.o)
 .debug_aranges
                0x00000740       0x20 E:/Freescale/CW MCU v10.5/MCU/ARM_GCC_Support/ewl/lib/armv6-m\libm.a(e_sqrtf.o)
 .debug_aranges
                0x00000760       0x18 E:/Freescale/CW MCU v10.5/MCU/ARM_GCC_Support/ewl/lib/armv6-m\libm.a(float.o)
 .debug_aranges
                0x00000778       0x20 E:/Freescale/CW MCU v10.5/MCU/ARM_GCC_Support/ewl/lib/armv6-m\libm.a(k_cos.o)
 .debug_aranges
                0x00000798       0x20 E:/Freescale/CW MCU v10.5/MCU/ARM_GCC_Support/ewl/lib/armv6-m\libm.a(k_rem_pio2.o)
 .debug_aranges
                0x000007b8       0x20 E:/Freescale/CW MCU v10.5/MCU/ARM_GCC_Support/ewl/lib/armv6-m\libm.a(k_sin.o)
 .debug_aranges
                0x000007d8       0x20 E:/Freescale/CW MCU v10.5/MCU/ARM_GCC_Support/ewl/lib/armv6-m\libm.a(s_atan.o)
 .debug_aranges
                0x000007f8       0x20 E:/Freescale/CW MCU v10.5/MCU/ARM_GCC_Support/ewl/lib/armv6-m\libm.a(s_floor.o)
 .debug_aranges
                0x00000818       0x20 E:/Freescale/CW MCU v10.5/MCU/ARM_GCC_Support/ewl/lib/armv6-m\libm.a(scalbn.o)
 .debug_aranges
                0x00000838       0x20 E:/Freescale/CW MCU v10.5/MCU/ARM_GCC_Support/ewl/lib/armv6-m\libm.a(w_sqrt.o)
 .debug_aranges
                0x00000858       0x20 E:/Freescale/CW MCU v10.5/MCU/ARM_GCC_Support/ewl/lib/armv6-m\libm.a(e_sqrt.o)
 .debug_aranges
                0x00000878       0x20 E:/Freescale/CW MCU v10.5/MCU/ARM_GCC_Support/ewl/lib/armv6-m\libm.a(s_frexp.o)
 .debug_aranges
                0x00000898       0x20 E:/Freescale/CW MCU v10.5/MCU/ARM_GCC_Support/ewl/lib/armv6-m\libm.a(s_ldexp.o)
 .debug_aranges
                0x000008b8       0x60 E:/Freescale/CW MCU v10.5/MCU/ARM_GCC_Support/ewl/lib/armv6-m\libm.a(math_api.o)
 .debug_aranges
                0x00000918       0x18 E:/Freescale/CW MCU v10.5/MCU/ARM_GCC_Support/ewl/lib/armv6-m\libc.a(errno.o)

.debug_macinfo  0x00000000   0x46aa47
 .debug_macinfo
                0x00000000    0x31c97 ./Compents/calculate/calculate.o
 .debug_macinfo
                0x00031c97    0x2da86 ./Compents/delay/delay.o
 .debug_macinfo
                0x0005f71d    0x2d446 ./Compents/hal_iic/hal_iic.o
 .debug_macinfo
                0x0008cb63    0x2d462 ./Compents/hmc5883/myiic_m.o
 .debug_macinfo
                0x000b9fc5    0x2f7b0 ./Compents/hmc5883/hmc5883.o
 .debug_macinfo
                0x000e9775    0x2d447 ./Compents/mpu6050/myiic_g.o
 .debug_macinfo
                0x00116bbc    0x2f896 ./Compents/mpu6050/mpu6050.o
 .debug_macinfo
                0x00146452    0x38c9d ./Generated_Code/Vectors.o
 .debug_macinfo
                0x0017f0ef    0x2fbc0 ./Generated_Code/TimerIntLdd1.o
 .debug_macinfo
                0x001aecaf    0x2fc25 ./Generated_Code/TU2.o
 .debug_macinfo
                0x001de8d4    0x2fbb8 ./Generated_Code/TU1.o
 .debug_macinfo
                0x0020e48c    0x38c89 ./Generated_Code/TI1.o
 .debug_macinfo
                0x00247115    0x38d5c ./Generated_Code/SS_SPI0.o
 .debug_macinfo
                0x0027fe71    0x2fbd6 ./Generated_Code/RealTimeLdd1.o
 .debug_macinfo
                0x002afa47    0x38c65 ./Generated_Code/PE_LDD.o
 .debug_macinfo
                0x002e86ac    0x38c89 ./Generated_Code/MPU6050_DRDY.o
 .debug_macinfo
                0x00321335    0x2ec60 ./Generated_Code/Led.o
 .debug_macinfo
                0x0034ff95    0x38ca1 ./Generated_Code/Cpu.o
 .debug_macinfo
                0x00388c36     0x3eb1 ./Project_Settings/Startup_Code/__arm_start.o
 .debug_macinfo
                0x0038cae7     0x349a ./Project_Settings/Startup_Code/__arm_end.o
 .debug_macinfo
                0x0038ff81    0x392a7 ./Sources/ProcessorExpert.o
 .debug_macinfo
                0x003c9228    0x2f25b ./Sources/Process.o
 .debug_macinfo
                0x003f8483    0x38f8c ./Sources/Init.o
 .debug_macinfo
                0x0043140f    0x39638 ./Sources/Events.o

.debug_line     0x00000000     0x6b48
 .debug_line    0x00000000      0x59d ./Compents/calculate/calculate.o
 .debug_line    0x0000059d      0x2f5 ./Compents/delay/delay.o
 .debug_line    0x00000892      0x306 ./Compents/hal_iic/hal_iic.o
 .debug_line    0x00000b98      0x234 ./Compents/hmc5883/myiic_m.o
 .debug_line    0x00000dcc      0x4f0 ./Compents/hmc5883/hmc5883.o
 .debug_line    0x000012bc      0x234 ./Compents/mpu6050/myiic_g.o
 .debug_line    0x000014f0      0x562 ./Compents/mpu6050/mpu6050.o
 .debug_line    0x00001a52      0x3f6 ./Generated_Code/Vectors.o
 .debug_line    0x00001e48      0x264 ./Generated_Code/TimerIntLdd1.o
 .debug_line    0x000020ac      0x27d ./Generated_Code/TU2.o
 .debug_line    0x00002329      0x26e ./Generated_Code/TU1.o
 .debug_line    0x00002597      0x358 ./Generated_Code/TI1.o
 .debug_line    0x000028ef      0x3f0 ./Generated_Code/SS_SPI0.o
 .debug_line    0x00002cdf      0x2c3 ./Generated_Code/RealTimeLdd1.o
 .debug_line    0x00002fa2      0x302 ./Generated_Code/PE_LDD.o
 .debug_line    0x000032a4      0x388 ./Generated_Code/MPU6050_DRDY.o
 .debug_line    0x0000362c      0x277 ./Generated_Code/Led.o
 .debug_line    0x000038a3      0x46c ./Generated_Code/Cpu.o
 .debug_line    0x00003d0f      0x2a4 ./Project_Settings/Startup_Code/__arm_start.o
 .debug_line    0x00003fb3      0x266 ./Project_Settings/Startup_Code/__arm_end.o
 .debug_line    0x00004219      0x4ef ./Sources/ProcessorExpert.o
 .debug_line    0x00004708      0x4d9 ./Sources/Process.o
 .debug_line    0x00004be1      0x44f ./Sources/Init.o
 .debug_line    0x00005030      0x409 ./Sources/Events.o
 .debug_line    0x00005439       0x6c E:/Freescale/CW MCU v10.5/MCU/ARM_GCC_Support/ewl/lib/armv6-m\librt.a(gcc_ctor_dtor.o)
 .debug_line    0x000054a5       0xbd E:/Freescale/CW MCU v10.5/MCU/ARM_GCC_Support/ewl/lib/armv6-m\librt.a(ROMCopy.o)
 .debug_line    0x00005562      0x117 E:/Freescale/CW MCU v10.5/MCU/ARM_GCC_Support/ewl/lib/armv6-m\librt.a(__arm_eabi_init.o)
 .debug_line    0x00005679       0x8d E:/Freescale/CW MCU v10.5/MCU/ARM_GCC_Support/ewl/lib/armv6-m\libc.a(exit.o)
 .debug_line    0x00005706       0x90 E:/Freescale/CW MCU v10.5/MCU/ARM_GCC_Support/ewl/lib/armv6-m\libc.a(memset.o)
 .debug_line    0x00005796       0xf6 E:/Freescale/CW MCU v10.5/MCU/ARM_GCC_Support/ewl/lib/armv6-m\libc.a(__filll_mem.o)
 .debug_line    0x0000588c       0xc7 E:/Freescale/CW MCU v10.5/MCU/ARM_GCC_Support/ewl/lib/armv6-m\libm.a(s_cos.o)
 .debug_line    0x00005953       0xc4 E:/Freescale/CW MCU v10.5/MCU/ARM_GCC_Support/ewl/lib/armv6-m\libm.a(s_sin.o)
 .debug_line    0x00005a17       0x74 E:/Freescale/CW MCU v10.5/MCU/ARM_GCC_Support/ewl/lib/armv6-m\libm.a(w_asin.o)
 .debug_line    0x00005a8b       0x75 E:/Freescale/CW MCU v10.5/MCU/ARM_GCC_Support/ewl/lib/armv6-m\libm.a(w_atan2.o)
 .debug_line    0x00005b00       0x75 E:/Freescale/CW MCU v10.5/MCU/ARM_GCC_Support/ewl/lib/armv6-m\libm.a(w_sqrtf.o)
 .debug_line    0x00005b75       0xfd E:/Freescale/CW MCU v10.5/MCU/ARM_GCC_Support/ewl/lib/armv6-m\libm.a(e_asin.o)
 .debug_line    0x00005c72      0x101 E:/Freescale/CW MCU v10.5/MCU/ARM_GCC_Support/ewl/lib/armv6-m\libm.a(e_atan2.o)
 .debug_line    0x00005d73      0x121 E:/Freescale/CW MCU v10.5/MCU/ARM_GCC_Support/ewl/lib/armv6-m\libm.a(e_rem_pio2.o)
 .debug_line    0x00005e94       0xda E:/Freescale/CW MCU v10.5/MCU/ARM_GCC_Support/ewl/lib/armv6-m\libm.a(e_sqrtf.o)
 .debug_line    0x00005f6e       0x60 E:/Freescale/CW MCU v10.5/MCU/ARM_GCC_Support/ewl/lib/armv6-m\libm.a(float.o)
 .debug_line    0x00005fce       0xbe E:/Freescale/CW MCU v10.5/MCU/ARM_GCC_Support/ewl/lib/armv6-m\libm.a(k_cos.o)
 .debug_line    0x0000608c      0x300 E:/Freescale/CW MCU v10.5/MCU/ARM_GCC_Support/ewl/lib/armv6-m\libm.a(k_rem_pio2.o)
 .debug_line    0x0000638c       0xb4 E:/Freescale/CW MCU v10.5/MCU/ARM_GCC_Support/ewl/lib/armv6-m\libm.a(k_sin.o)
 .debug_line    0x00006440       0xee E:/Freescale/CW MCU v10.5/MCU/ARM_GCC_Support/ewl/lib/armv6-m\libm.a(s_atan.o)
 .debug_line    0x0000652e       0xcf E:/Freescale/CW MCU v10.5/MCU/ARM_GCC_Support/ewl/lib/armv6-m\libm.a(s_floor.o)
 .debug_line    0x000065fd       0x77 E:/Freescale/CW MCU v10.5/MCU/ARM_GCC_Support/ewl/lib/armv6-m\libm.a(scalbn.o)
 .debug_line    0x00006674       0x74 E:/Freescale/CW MCU v10.5/MCU/ARM_GCC_Support/ewl/lib/armv6-m\libm.a(w_sqrt.o)
 .debug_line    0x000066e8      0x121 E:/Freescale/CW MCU v10.5/MCU/ARM_GCC_Support/ewl/lib/armv6-m\libm.a(e_sqrt.o)
 .debug_line    0x00006809       0xb9 E:/Freescale/CW MCU v10.5/MCU/ARM_GCC_Support/ewl/lib/armv6-m\libm.a(s_frexp.o)
 .debug_line    0x000068c2       0xc6 E:/Freescale/CW MCU v10.5/MCU/ARM_GCC_Support/ewl/lib/armv6-m\libm.a(s_ldexp.o)
 .debug_line    0x00006988      0x173 E:/Freescale/CW MCU v10.5/MCU/ARM_GCC_Support/ewl/lib/armv6-m\libm.a(math_api.o)
 .debug_line    0x00006afb       0x4d E:/Freescale/CW MCU v10.5/MCU/ARM_GCC_Support/ewl/lib/armv6-m\libc.a(errno.o)

.debug_str      0x00000000     0x1ff2
 .debug_str     0x00000000      0x325 ./Compents/calculate/calculate.o
                                0x38a (size before relaxing)
 .debug_str     0x00000325       0x7e ./Compents/delay/delay.o
                                0x1ab (size before relaxing)
 .debug_str     0x000003a3      0x103 ./Compents/hal_iic/hal_iic.o
                                0x229 (size before relaxing)
 .debug_str     0x000004a6      0x13b ./Compents/hmc5883/myiic_m.o
                                0x286 (size before relaxing)
 .debug_str     0x000005e1       0x7f ./Compents/hmc5883/hmc5883.o
                                0x1ec (size before relaxing)
 .debug_str     0x00000660       0x29 ./Compents/mpu6050/myiic_g.o
                                0x286 (size before relaxing)
 .debug_str     0x00000689       0x6f ./Compents/mpu6050/mpu6050.o
                                0x1f5 (size before relaxing)
 .debug_str     0x000006f8       0x55 ./Generated_Code/Vectors.o
                                0x175 (size before relaxing)
 .debug_str     0x0000074d       0x83 ./Generated_Code/TimerIntLdd1.o
                                0x208 (size before relaxing)
 .debug_str     0x000007d0      0x111 ./Generated_Code/TU2.o
                                0x3ac (size before relaxing)
 .debug_str     0x000008e1       0x72 ./Generated_Code/TU1.o
                                0x379 (size before relaxing)
 .debug_str     0x00000953       0x31 ./Generated_Code/TI1.o
                                0x162 (size before relaxing)
 .debug_str     0x00000984      0x171 ./Generated_Code/SS_SPI0.o
                                0x475 (size before relaxing)
 .debug_str     0x00000af5       0xc2 ./Generated_Code/RealTimeLdd1.o
                                0x2d8 (size before relaxing)
 .debug_str     0x00000bb7      0x16b ./Generated_Code/PE_LDD.o
                                0x2d8 (size before relaxing)
 .debug_str     0x00000d22       0xa0 ./Generated_Code/MPU6050_DRDY.o
                                0x2c8 (size before relaxing)
 .debug_str     0x00000dc2       0xb4 ./Generated_Code/Led.o
                                0x2b1 (size before relaxing)
 .debug_str     0x00000e76      0x17d ./Generated_Code/Cpu.o
                                0x45d (size before relaxing)
 .debug_str     0x00000ff3       0x85 ./Project_Settings/Startup_Code/__arm_start.o
                                0x1a3 (size before relaxing)
 .debug_str     0x00001078       0x3a ./Project_Settings/Startup_Code/__arm_end.o
                                 0xda (size before relaxing)
 .debug_str     0x000010b2      0x4ab ./Sources/ProcessorExpert.o
                                0x69c (size before relaxing)
 .debug_str     0x0000155d       0xc3 ./Sources/Process.o
                                0x6cf (size before relaxing)
 .debug_str     0x00001620       0xe6 ./Sources/Init.o
                                0x63e (size before relaxing)
 .debug_str     0x00001706       0x9c ./Sources/Events.o
                                0x6a8 (size before relaxing)
 .debug_str     0x000017a2      0x126 E:/Freescale/CW MCU v10.5/MCU/ARM_GCC_Support/ewl/lib/armv6-m\librt.a(gcc_ctor_dtor.o)
                                0x181 (size before relaxing)
 .debug_str     0x000018c8       0xa1 E:/Freescale/CW MCU v10.5/MCU/ARM_GCC_Support/ewl/lib/armv6-m\librt.a(ROMCopy.o)
                                0x13c (size before relaxing)
 .debug_str     0x00001969       0xe9 E:/Freescale/CW MCU v10.5/MCU/ARM_GCC_Support/ewl/lib/armv6-m\librt.a(__arm_eabi_init.o)
                                0x1b5 (size before relaxing)
 .debug_str     0x00001a52       0x48 E:/Freescale/CW MCU v10.5/MCU/ARM_GCC_Support/ewl/lib/armv6-m\libc.a(exit.o)
                                0x157 (size before relaxing)
 .debug_str     0x00001a9a       0x23 E:/Freescale/CW MCU v10.5/MCU/ARM_GCC_Support/ewl/lib/armv6-m\libc.a(memset.o)
                                0x140 (size before relaxing)
 .debug_str     0x00001abd       0x2d E:/Freescale/CW MCU v10.5/MCU/ARM_GCC_Support/ewl/lib/armv6-m\libc.a(__filll_mem.o)
                                0x152 (size before relaxing)
 .debug_str     0x00001aea       0x25 E:/Freescale/CW MCU v10.5/MCU/ARM_GCC_Support/ewl/lib/armv6-m\libm.a(s_cos.o)
                                0x14d (size before relaxing)
 .debug_str     0x00001b0f       0x11 E:/Freescale/CW MCU v10.5/MCU/ARM_GCC_Support/ewl/lib/armv6-m\libm.a(s_sin.o)
                                0x14d (size before relaxing)
 .debug_str     0x00001b20       0x12 E:/Freescale/CW MCU v10.5/MCU/ARM_GCC_Support/ewl/lib/armv6-m\libm.a(w_asin.o)
                                0x12b (size before relaxing)
 .debug_str     0x00001b32       0x13 E:/Freescale/CW MCU v10.5/MCU/ARM_GCC_Support/ewl/lib/armv6-m\libm.a(w_atan2.o)
                                0x12d (size before relaxing)
 .debug_str     0x00001b45       0x19 E:/Freescale/CW MCU v10.5/MCU/ARM_GCC_Support/ewl/lib/armv6-m\libm.a(w_sqrtf.o)
                                0x12d (size before relaxing)
 .debug_str     0x00001b5e       0x53 E:/Freescale/CW MCU v10.5/MCU/ARM_GCC_Support/ewl/lib/armv6-m\libm.a(e_asin.o)
                                0x18c (size before relaxing)
 .debug_str     0x00001bb1       0x3c E:/Freescale/CW MCU v10.5/MCU/ARM_GCC_Support/ewl/lib/armv6-m\libm.a(e_atan2.o)
                                0x187 (size before relaxing)
 .debug_str     0x00001bed       0x7e E:/Freescale/CW MCU v10.5/MCU/ARM_GCC_Support/ewl/lib/armv6-m\libm.a(e_rem_pio2.o)
                                0x1bf (size before relaxing)
 .debug_str     0x00001c6b       0x3c E:/Freescale/CW MCU v10.5/MCU/ARM_GCC_Support/ewl/lib/armv6-m\libm.a(e_sqrtf.o)
                                0x179 (size before relaxing)
 .debug_str     0x00001ca7       0xf9 E:/Freescale/CW MCU v10.5/MCU/ARM_GCC_Support/ewl/lib/armv6-m\libm.a(float.o)
                                0x225 (size before relaxing)
 .debug_str     0x00001da0       0x1e E:/Freescale/CW MCU v10.5/MCU/ARM_GCC_Support/ewl/lib/armv6-m\libm.a(k_cos.o)
                                0x151 (size before relaxing)
 .debug_str     0x00001dbe       0x57 E:/Freescale/CW MCU v10.5/MCU/ARM_GCC_Support/ewl/lib/armv6-m\libm.a(k_rem_pio2.o)
                                0x196 (size before relaxing)
 .debug_str     0x00001e15       0x1e E:/Freescale/CW MCU v10.5/MCU/ARM_GCC_Support/ewl/lib/armv6-m\libm.a(k_sin.o)
                                0x156 (size before relaxing)
 .debug_str     0x00001e33       0x25 E:/Freescale/CW MCU v10.5/MCU/ARM_GCC_Support/ewl/lib/armv6-m\libm.a(s_atan.o)
                                0x161 (size before relaxing)
 .debug_str     0x00001e58       0x19 E:/Freescale/CW MCU v10.5/MCU/ARM_GCC_Support/ewl/lib/armv6-m\libm.a(s_floor.o)
                                0x14c (size before relaxing)
 .debug_str     0x00001e71       0x1e E:/Freescale/CW MCU v10.5/MCU/ARM_GCC_Support/ewl/lib/armv6-m\libm.a(scalbn.o)
                                0x13f (size before relaxing)
 .debug_str     0x00001e8f       0x12 E:/Freescale/CW MCU v10.5/MCU/ARM_GCC_Support/ewl/lib/armv6-m\libm.a(w_sqrt.o)
                                0x12b (size before relaxing)
 .debug_str     0x00001ea1       0x21 E:/Freescale/CW MCU v10.5/MCU/ARM_GCC_Support/ewl/lib/armv6-m\libm.a(e_sqrt.o)
                                0x17e (size before relaxing)
 .debug_str     0x00001ec2       0x24 E:/Freescale/CW MCU v10.5/MCU/ARM_GCC_Support/ewl/lib/armv6-m\libm.a(s_frexp.o)
                                0x15d (size before relaxing)
 .debug_str     0x00001ee6       0x20 E:/Freescale/CW MCU v10.5/MCU/ARM_GCC_Support/ewl/lib/armv6-m\libm.a(s_ldexp.o)
                                0x164 (size before relaxing)
 .debug_str     0x00001f06       0xda E:/Freescale/CW MCU v10.5/MCU/ARM_GCC_Support/ewl/lib/armv6-m\libm.a(math_api.o)
                                0x228 (size before relaxing)
 .debug_str     0x00001fe0       0x12 E:/Freescale/CW MCU v10.5/MCU/ARM_GCC_Support/ewl/lib/armv6-m\libc.a(errno.o)
                                0x12c (size before relaxing)

.comment        0x00000000       0x79
 .comment       0x00000000       0x79 ./Compents/calculate/calculate.o
                                 0x7a (size before relaxing)
 .comment       0x00000000       0x7a ./Compents/delay/delay.o
 .comment       0x00000000       0x7a ./Compents/hal_iic/hal_iic.o
 .comment       0x00000000       0x7a ./Compents/hmc5883/myiic_m.o
 .comment       0x00000000       0x7a ./Compents/hmc5883/hmc5883.o
 .comment       0x00000000       0x7a ./Compents/mpu6050/myiic_g.o
 .comment       0x00000000       0x7a ./Compents/mpu6050/mpu6050.o
 .comment       0x00000000       0x7a ./Generated_Code/Vectors.o
 .comment       0x00000000       0x7a ./Generated_Code/TimerIntLdd1.o
 .comment       0x00000000       0x7a ./Generated_Code/TU2.o
 .comment       0x00000000       0x7a ./Generated_Code/TU1.o
 .comment       0x00000000       0x7a ./Generated_Code/TI1.o
 .comment       0x00000000       0x7a ./Generated_Code/SS_SPI0.o
 .comment       0x00000000       0x7a ./Generated_Code/RealTimeLdd1.o
 .comment       0x00000000       0x7a ./Generated_Code/PE_LDD.o
 .comment       0x00000000       0x7a ./Generated_Code/MPU6050_DRDY.o
 .comment       0x00000000       0x7a ./Generated_Code/Led.o
 .comment       0x00000000       0x7a ./Generated_Code/Cpu.o
 .comment       0x00000000       0x7a ./Project_Settings/Startup_Code/__arm_start.o
 .comment       0x00000000       0x7a ./Project_Settings/Startup_Code/__arm_end.o
 .comment       0x00000000       0x7a ./Sources/ProcessorExpert.o
 .comment       0x00000000       0x7a ./Sources/Process.o
 .comment       0x00000000       0x7a ./Sources/Init.o
 .comment       0x00000000       0x7a ./Sources/Events.o
 .comment       0x00000000       0x7a E:/Freescale/CW MCU v10.5/MCU/ARM_GCC_Support/ewl/lib/armv6-m\librt.a(gcc_ctor_dtor.o)
 .comment       0x00000000       0x7a E:/Freescale/CW MCU v10.5/MCU/ARM_GCC_Support/ewl/lib/armv6-m\librt.a(ROMCopy.o)
 .comment       0x00000000       0x7a E:/Freescale/CW MCU v10.5/MCU/ARM_GCC_Support/ewl/lib/armv6-m\librt.a(__arm_eabi_init.o)
 .comment       0x00000000       0x7a E:/Freescale/CW MCU v10.5/MCU/ARM_GCC_Support/ewl/lib/armv6-m\libc.a(exit.o)
 .comment       0x00000000       0x7a E:/Freescale/CW MCU v10.5/MCU/ARM_GCC_Support/ewl/lib/armv6-m\libc.a(memset.o)
 .comment       0x00000000       0x7a E:/Freescale/CW MCU v10.5/MCU/ARM_GCC_Support/ewl/lib/armv6-m\libc.a(__filll_mem.o)
 .comment       0x00000000       0x7a E:/Freescale/CW MCU v10.5/MCU/ARM_GCC_Support/ewl/lib/armv6-m\libm.a(s_cos.o)
 .comment       0x00000000       0x7a E:/Freescale/CW MCU v10.5/MCU/ARM_GCC_Support/ewl/lib/armv6-m\libm.a(s_sin.o)
 .comment       0x00000000       0x7a E:/Freescale/CW MCU v10.5/MCU/ARM_GCC_Support/ewl/lib/armv6-m\libm.a(w_asin.o)
 .comment       0x00000000       0x7a E:/Freescale/CW MCU v10.5/MCU/ARM_GCC_Support/ewl/lib/armv6-m\libm.a(w_atan2.o)
 .comment       0x00000000       0x7a E:/Freescale/CW MCU v10.5/MCU/ARM_GCC_Support/ewl/lib/armv6-m\libm.a(w_sqrtf.o)
 .comment       0x00000000       0x7a E:/Freescale/CW MCU v10.5/MCU/ARM_GCC_Support/ewl/lib/armv6-m\libm.a(e_asin.o)
 .comment       0x00000000       0x7a E:/Freescale/CW MCU v10.5/MCU/ARM_GCC_Support/ewl/lib/armv6-m\libm.a(e_atan2.o)
 .comment       0x00000000       0x7a E:/Freescale/CW MCU v10.5/MCU/ARM_GCC_Support/ewl/lib/armv6-m\libm.a(e_rem_pio2.o)
 .comment       0x00000000       0x7a E:/Freescale/CW MCU v10.5/MCU/ARM_GCC_Support/ewl/lib/armv6-m\libm.a(e_sqrtf.o)
 .comment       0x00000000       0x7a E:/Freescale/CW MCU v10.5/MCU/ARM_GCC_Support/ewl/lib/armv6-m\libm.a(float.o)
 .comment       0x00000000       0x7a E:/Freescale/CW MCU v10.5/MCU/ARM_GCC_Support/ewl/lib/armv6-m\libm.a(k_cos.o)
 .comment       0x00000000       0x7a E:/Freescale/CW MCU v10.5/MCU/ARM_GCC_Support/ewl/lib/armv6-m\libm.a(k_rem_pio2.o)
 .comment       0x00000000       0x7a E:/Freescale/CW MCU v10.5/MCU/ARM_GCC_Support/ewl/lib/armv6-m\libm.a(k_sin.o)
 .comment       0x00000000       0x7a E:/Freescale/CW MCU v10.5/MCU/ARM_GCC_Support/ewl/lib/armv6-m\libm.a(s_atan.o)
 .comment       0x00000000       0x7a E:/Freescale/CW MCU v10.5/MCU/ARM_GCC_Support/ewl/lib/armv6-m\libm.a(s_floor.o)
 .comment       0x00000000       0x7a E:/Freescale/CW MCU v10.5/MCU/ARM_GCC_Support/ewl/lib/armv6-m\libm.a(scalbn.o)
 .comment       0x00000000       0x7a E:/Freescale/CW MCU v10.5/MCU/ARM_GCC_Support/ewl/lib/armv6-m\libm.a(w_sqrt.o)
 .comment       0x00000000       0x7a E:/Freescale/CW MCU v10.5/MCU/ARM_GCC_Support/ewl/lib/armv6-m\libm.a(e_sqrt.o)
 .comment       0x00000000       0x7a E:/Freescale/CW MCU v10.5/MCU/ARM_GCC_Support/ewl/lib/armv6-m\libm.a(s_frexp.o)
 .comment       0x00000000       0x7a E:/Freescale/CW MCU v10.5/MCU/ARM_GCC_Support/ewl/lib/armv6-m\libm.a(s_ldexp.o)
 .comment       0x00000000       0x7a E:/Freescale/CW MCU v10.5/MCU/ARM_GCC_Support/ewl/lib/armv6-m\libm.a(math_api.o)
 .comment       0x00000000       0x7a E:/Freescale/CW MCU v10.5/MCU/ARM_GCC_Support/ewl/lib/armv6-m\libc.a(errno.o)

.debug_frame    0x00000000     0x1678
 .debug_frame   0x00000000       0xd8 ./Compents/calculate/calculate.o
 .debug_frame   0x000000d8       0x4c ./Compents/delay/delay.o
 .debug_frame   0x00000124      0x1b0 ./Compents/hal_iic/hal_iic.o
 .debug_frame   0x000002d4       0x2c ./Compents/hmc5883/myiic_m.o
 .debug_frame   0x00000300       0xb0 ./Compents/hmc5883/hmc5883.o
 .debug_frame   0x000003b0       0x2c ./Compents/mpu6050/myiic_g.o
 .debug_frame   0x000003dc       0xd0 ./Compents/mpu6050/mpu6050.o
 .debug_frame   0x000004ac       0x50 ./Generated_Code/TimerIntLdd1.o
 .debug_frame   0x000004fc       0x70 ./Generated_Code/TU2.o
 .debug_frame   0x0000056c       0x50 ./Generated_Code/TU1.o
 .debug_frame   0x000005bc       0x30 ./Generated_Code/TI1.o
 .debug_frame   0x000005ec       0xb0 ./Generated_Code/SS_SPI0.o
 .debug_frame   0x0000069c       0xb0 ./Generated_Code/RealTimeLdd1.o
 .debug_frame   0x0000074c       0x6c ./Generated_Code/PE_LDD.o
 .debug_frame   0x000007b8       0x50 ./Generated_Code/MPU6050_DRDY.o
 .debug_frame   0x00000808       0xb0 ./Generated_Code/Led.o
 .debug_frame   0x000008b8       0x80 ./Generated_Code/Cpu.o
 .debug_frame   0x00000938       0x4c ./Project_Settings/Startup_Code/__arm_start.o
 .debug_frame   0x00000984       0x30 ./Project_Settings/Startup_Code/__arm_end.o
 .debug_frame   0x000009b4       0x30 ./Sources/ProcessorExpert.o
 .debug_frame   0x000009e4       0xf4 ./Sources/Process.o
 .debug_frame   0x00000ad8      0x118 ./Sources/Init.o
 .debug_frame   0x00000bf0       0xe4 ./Sources/Events.o
 .debug_frame   0x00000cd4       0x40 E:/Freescale/CW MCU v10.5/MCU/ARM_GCC_Support/ewl/lib/armv6-m\librt.a(gcc_ctor_dtor.o)
 .debug_frame   0x00000d14       0x54 E:/Freescale/CW MCU v10.5/MCU/ARM_GCC_Support/ewl/lib/armv6-m\librt.a(ROMCopy.o)
 .debug_frame   0x00000d68       0xbc E:/Freescale/CW MCU v10.5/MCU/ARM_GCC_Support/ewl/lib/armv6-m\librt.a(__arm_eabi_init.o)
 .debug_frame   0x00000e24       0x2c E:/Freescale/CW MCU v10.5/MCU/ARM_GCC_Support/ewl/lib/armv6-m\libc.a(exit.o)
 .debug_frame   0x00000e50       0x28 E:/Freescale/CW MCU v10.5/MCU/ARM_GCC_Support/ewl/lib/armv6-m\libc.a(memset.o)
 .debug_frame   0x00000e78       0x2c E:/Freescale/CW MCU v10.5/MCU/ARM_GCC_Support/ewl/lib/armv6-m\libc.a(__filll_mem.o)
 .debug_frame   0x00000ea4       0x30 E:/Freescale/CW MCU v10.5/MCU/ARM_GCC_Support/ewl/lib/armv6-m\libm.a(s_cos.o)
 .debug_frame   0x00000ed4       0x30 E:/Freescale/CW MCU v10.5/MCU/ARM_GCC_Support/ewl/lib/armv6-m\libm.a(s_sin.o)
 .debug_frame   0x00000f04       0x28 E:/Freescale/CW MCU v10.5/MCU/ARM_GCC_Support/ewl/lib/armv6-m\libm.a(w_asin.o)
 .debug_frame   0x00000f2c       0x28 E:/Freescale/CW MCU v10.5/MCU/ARM_GCC_Support/ewl/lib/armv6-m\libm.a(w_atan2.o)
 .debug_frame   0x00000f54       0x28 E:/Freescale/CW MCU v10.5/MCU/ARM_GCC_Support/ewl/lib/armv6-m\libm.a(w_sqrtf.o)
 .debug_frame   0x00000f7c       0x30 E:/Freescale/CW MCU v10.5/MCU/ARM_GCC_Support/ewl/lib/armv6-m\libm.a(e_asin.o)
 .debug_frame   0x00000fac       0x30 E:/Freescale/CW MCU v10.5/MCU/ARM_GCC_Support/ewl/lib/armv6-m\libm.a(e_atan2.o)
 .debug_frame   0x00000fdc       0x30 E:/Freescale/CW MCU v10.5/MCU/ARM_GCC_Support/ewl/lib/armv6-m\libm.a(e_rem_pio2.o)
 .debug_frame   0x0000100c       0x2c E:/Freescale/CW MCU v10.5/MCU/ARM_GCC_Support/ewl/lib/armv6-m\libm.a(e_sqrtf.o)
 .debug_frame   0x00001038       0x30 E:/Freescale/CW MCU v10.5/MCU/ARM_GCC_Support/ewl/lib/armv6-m\libm.a(k_cos.o)
 .debug_frame   0x00001068       0x34 E:/Freescale/CW MCU v10.5/MCU/ARM_GCC_Support/ewl/lib/armv6-m\libm.a(k_rem_pio2.o)
 .debug_frame   0x0000109c       0x30 E:/Freescale/CW MCU v10.5/MCU/ARM_GCC_Support/ewl/lib/armv6-m\libm.a(k_sin.o)
 .debug_frame   0x000010cc       0x30 E:/Freescale/CW MCU v10.5/MCU/ARM_GCC_Support/ewl/lib/armv6-m\libm.a(s_atan.o)
 .debug_frame   0x000010fc       0x30 E:/Freescale/CW MCU v10.5/MCU/ARM_GCC_Support/ewl/lib/armv6-m\libm.a(s_floor.o)
 .debug_frame   0x0000112c       0x2c E:/Freescale/CW MCU v10.5/MCU/ARM_GCC_Support/ewl/lib/armv6-m\libm.a(scalbn.o)
 .debug_frame   0x00001158       0x28 E:/Freescale/CW MCU v10.5/MCU/ARM_GCC_Support/ewl/lib/armv6-m\libm.a(w_sqrt.o)
 .debug_frame   0x00001180       0x30 E:/Freescale/CW MCU v10.5/MCU/ARM_GCC_Support/ewl/lib/armv6-m\libm.a(e_sqrt.o)
 .debug_frame   0x000011b0       0x2c E:/Freescale/CW MCU v10.5/MCU/ARM_GCC_Support/ewl/lib/armv6-m\libm.a(s_frexp.o)
 .debug_frame   0x000011dc       0x30 E:/Freescale/CW MCU v10.5/MCU/ARM_GCC_Support/ewl/lib/armv6-m\libm.a(s_ldexp.o)
 .debug_frame   0x0000120c       0xe0 E:/Freescale/CW MCU v10.5/MCU/ARM_GCC_Support/ewl/lib/armv6-m\libm.a(math_api.o)
 .debug_frame   0x000012ec       0x20 e:/freescale/cw mcu v10.5/cross_tools/arm-none-eabi-gcc-4_7_3/bin/../lib/gcc/arm-none-eabi/4.7.3/armv6-m\libgcc.a(_udivsi3.o)
 .debug_frame   0x0000130c       0x20 e:/freescale/cw mcu v10.5/cross_tools/arm-none-eabi-gcc-4_7_3/bin/../lib/gcc/arm-none-eabi/4.7.3/armv6-m\libgcc.a(_divsi3.o)
 .debug_frame   0x0000132c       0x30 e:/freescale/cw mcu v10.5/cross_tools/arm-none-eabi-gcc-4_7_3/bin/../lib/gcc/arm-none-eabi/4.7.3/armv6-m\libgcc.a(addsf3.o)
 .debug_frame   0x0000135c       0x3c e:/freescale/cw mcu v10.5/cross_tools/arm-none-eabi-gcc-4_7_3/bin/../lib/gcc/arm-none-eabi/4.7.3/armv6-m\libgcc.a(divsf3.o)
 .debug_frame   0x00001398       0x3c e:/freescale/cw mcu v10.5/cross_tools/arm-none-eabi-gcc-4_7_3/bin/../lib/gcc/arm-none-eabi/4.7.3/armv6-m\libgcc.a(mulsf3.o)
 .debug_frame   0x000013d4       0x30 e:/freescale/cw mcu v10.5/cross_tools/arm-none-eabi-gcc-4_7_3/bin/../lib/gcc/arm-none-eabi/4.7.3/armv6-m\libgcc.a(subsf3.o)
 .debug_frame   0x00001404       0x2c e:/freescale/cw mcu v10.5/cross_tools/arm-none-eabi-gcc-4_7_3/bin/../lib/gcc/arm-none-eabi/4.7.3/armv6-m\libgcc.a(floatsisf.o)
 .debug_frame   0x00001430       0x3c e:/freescale/cw mcu v10.5/cross_tools/arm-none-eabi-gcc-4_7_3/bin/../lib/gcc/arm-none-eabi/4.7.3/armv6-m\libgcc.a(adddf3.o)
 .debug_frame   0x0000146c       0x3c e:/freescale/cw mcu v10.5/cross_tools/arm-none-eabi-gcc-4_7_3/bin/../lib/gcc/arm-none-eabi/4.7.3/armv6-m\libgcc.a(divdf3.o)
 .debug_frame   0x000014a8       0x34 e:/freescale/cw mcu v10.5/cross_tools/arm-none-eabi-gcc-4_7_3/bin/../lib/gcc/arm-none-eabi/4.7.3/armv6-m\libgcc.a(eqdf2.o)
 .debug_frame   0x000014dc       0x38 e:/freescale/cw mcu v10.5/cross_tools/arm-none-eabi-gcc-4_7_3/bin/../lib/gcc/arm-none-eabi/4.7.3/armv6-m\libgcc.a(gedf2.o)
 .debug_frame   0x00001514       0x38 e:/freescale/cw mcu v10.5/cross_tools/arm-none-eabi-gcc-4_7_3/bin/../lib/gcc/arm-none-eabi/4.7.3/armv6-m\libgcc.a(ledf2.o)
 .debug_frame   0x0000154c       0x3c e:/freescale/cw mcu v10.5/cross_tools/arm-none-eabi-gcc-4_7_3/bin/../lib/gcc/arm-none-eabi/4.7.3/armv6-m\libgcc.a(muldf3.o)